<html>
<body>
<pre>
<h1>µVision Build Log</h1>
<h2>Tool Versions:</h2>
IDE-Version: µVision V5.25.2.0
Copyright (C) 2018 ARM Ltd and ARM Germany GmbH. All rights reserved.
License Information: Engineering user Stanley Black & Decker Flex license: MDK-ARM Plus: 2 user(s) (mdk_plus) Support: Sep 2020
 
Tool Versions:
Toolchain:       MDK-ARM Plus: 2 user(s)  Version: 5.25.2.0
Toolchain Path:  C:\Keil_v5\ARM\ARMCLANG\Bin
C Compiler:      ArmClang.exe V6.9
Assembler:       Armasm.exe V6.9
Linker/Locator:  ArmLink.exe V6.9
Library Manager: ArmAr.exe V6.9
Hex Converter:   FromElf.exe V6.9
CPU DLL:         SARMCM3.DLL V5.25.2.0
Dialog DLL:      DARMCM1.DLL V1.19.1.0
Target DLL:      Segger\JL2CM3.dll V2.99.29.0
Dialog DLL:      TARMCM1.DLL V1.14.0.0
 
<h2>Project:</h2>
C:\BitbucketRepository\ABS_Bootloader\ABS_Bootloader.uvprojx
Project File Date:  10/12/2023

<h2>Output:</h2>
*** Using Compiler 'V6.9', folder: 'C:\Keil_v5\ARM\ARMCLANG\Bin'
Rebuild target 'CMS32M5536_Boot'
assembling startup_cms32m5xxx.s...
compiling mcu_config.c...
compiling user_fmc.c...
compiling main.c...
compiling cm_handler.c...
compiling system_cms32m5xxx.c...
linking...
Program Size: Code=1324 RO-data=224 RW-data=0 ZI-data=2168  
FromELF: creating hex file...
".\Objects\ABS_Bootloader.axf" - 0 Error(s), 0 Warning(s).

<h2>Software Packages used:</h2>

Package Vendor: Cmsemicon
                http://www.mcu.com.cn/pack/Cmsemicon.CMS32-Series.1.0.3.pack
                Cmsemicon.CMS32-Series.1.0.3
                Cmsemicon CMS32 Series Device Support

<h2>Collection of Component include folders:</h2>
  .\RTE\_CMS32M5536_Boot
  C:\Keil_v5\ARM\PACK\Cmsemicon\CMS32-Series\1.0.3\Device\CMS32M55xx\Include

<h2>Collection of Component Files used:</h2>
Build Time Elapsed:  00:00:03
</pre>
</body>
</html>
