<!doctype html public "-//w3c//dtd html 4.0 transitional//en">
<html><head>
<title>Static Call Graph - [.\Objects\ABS_Bootloader.axf]</title></head>
<body><HR>
<H1>Static Call Graph for image .\Objects\ABS_Bootloader.axf</H1><HR>
<BR><P>#&#060CALLGRAPH&#062# ARM Linker, 6090000: Last Updated: Thu Oct 12 11:25:04 2023
<BR><P>
<H3>Maximum Stack Usage =       1092 bytes + Unknown(Functions without stacksize, Cycles, Untraceable Function Pointers)</H3><H3>
Call chain for Maximum Stack Depth:</H3>
__rt_entry_main &rArr; main &rArr; FMC_Write_Array
<P>
<H3>
Functions with no stack information
</H3><UL>
 <LI><a href="#[31]">__user_initial_stackheap</a>
</UL>
</UL>
<P>
<H3>
Mutually Recursive functions
</H3> <LI><a href="#[10]">Default_Handler</a>&nbsp;&nbsp;&nbsp;&rArr;&nbsp;&nbsp;&nbsp;<a href="#[10]">Default_Handler</a><BR>
</UL>
<P>
<H3>
Function Pointers
</H3><UL>
 <LI><a href="#[16]">ACMP_IRQHandler</a> from main.o(.text.ACMP_IRQHandler) referenced from startup_cms32m5xxx.o(RESET)
 <LI><a href="#[12]">ADC0_IRQHandler</a> from main.o(.text.ADC0_IRQHandler) referenced from startup_cms32m5xxx.o(RESET)
 <LI><a href="#[15]">ADC1_IRQHandler</a> from startup_cms32m5xxx.o(.text) referenced from startup_cms32m5xxx.o(RESET)
 <LI><a href="#[11]">CCP_IRQHandler</a> from main.o(.text.CCP_IRQHandler) referenced from startup_cms32m5xxx.o(RESET)
 <LI><a href="#[10]">Default_Handler</a> from startup_cms32m5xxx.o(.text) referenced 13 times from startup_cms32m5xxx.o(RESET)
 <LI><a href="#[14]">EPWM_IRQHandler</a> from main.o(.text.EPWM_IRQHandler) referenced from startup_cms32m5xxx.o(RESET)
 <LI><a href="#[b]">GPIO0_IRQHandler</a> from main.o(.text.GPIO0_IRQHandler) referenced from startup_cms32m5xxx.o(RESET)
 <LI><a href="#[c]">GPIO1_IRQHandler</a> from main.o(.text.GPIO1_IRQHandler) referenced from startup_cms32m5xxx.o(RESET)
 <LI><a href="#[d]">GPIO2_IRQHandler</a> from main.o(.text.GPIO2_IRQHandler) referenced from startup_cms32m5xxx.o(RESET)
 <LI><a href="#[e]">GPIO3_IRQHandler</a> from main.o(.text.GPIO3_IRQHandler) referenced from startup_cms32m5xxx.o(RESET)
 <LI><a href="#[f]">GPIO4_IRQHandler</a> from main.o(.text.GPIO4_IRQHandler) referenced from startup_cms32m5xxx.o(RESET)
 <LI><a href="#[7]">HardFault_Handler</a> from main.o(.text.HardFault_Handler) referenced from startup_cms32m5xxx.o(RESET)
 <LI><a href="#[1c]">I2C_IRQHandler</a> from main.o(.text.I2C_IRQHandler) referenced from startup_cms32m5xxx.o(RESET)
 <LI><a href="#[1e]">LVD_IRQHandler</a> from startup_cms32m5xxx.o(.text) referenced from startup_cms32m5xxx.o(RESET)
 <LI><a href="#[6]">NMI_Handler</a> from main.o(.text.NMI_Handler) referenced from startup_cms32m5xxx.o(RESET)
 <LI><a href="#[9]">PendSV_Handler</a> from main.o(.text.PendSV_Handler) referenced from startup_cms32m5xxx.o(RESET)
 <LI><a href="#[5]">Reset_Handler</a> from startup_cms32m5xxx.o(.text) referenced from startup_cms32m5xxx.o(RESET)
 <LI><a href="#[1d]">SPI_IRQHandler</a> from startup_cms32m5xxx.o(.text) referenced from startup_cms32m5xxx.o(RESET)
 <LI><a href="#[8]">SVC_Handler</a> from main.o(.text.SVC_Handler) referenced from startup_cms32m5xxx.o(RESET)
 <LI><a href="#[a]">SysTick_Handler</a> from main.o(.text.SysTick_Handler) referenced from startup_cms32m5xxx.o(RESET)
 <LI><a href="#[1f]">SystemInit</a> from system_cms32m5xxx.o(.text.SystemInit) referenced from startup_cms32m5xxx.o(.text)
 <LI><a href="#[19]">TMR0_IRQHandler</a> from startup_cms32m5xxx.o(.text) referenced from startup_cms32m5xxx.o(RESET)
 <LI><a href="#[1a]">TMR1_IRQHandler</a> from startup_cms32m5xxx.o(.text) referenced from startup_cms32m5xxx.o(RESET)
 <LI><a href="#[17]">UART0_IRQHandler</a> from main.o(.text.UART0_IRQHandler) referenced from startup_cms32m5xxx.o(RESET)
 <LI><a href="#[18]">UART1_IRQHandler</a> from main.o(.text.UART1_IRQHandler) referenced from startup_cms32m5xxx.o(RESET)
 <LI><a href="#[1b]">WDT_IRQHandler</a> from main.o(.text.WDT_IRQHandler) referenced from startup_cms32m5xxx.o(RESET)
 <LI><a href="#[13]">WWDT_IRQHandler</a> from main.o(.text.WWDT_IRQHandler) referenced from startup_cms32m5xxx.o(RESET)
 <LI><a href="#[21]">__main</a> from __main.o(!!!main) referenced from startup_cms32m5xxx.o(.text)
</UL>
<P>
<H3>
Global Symbols
</H3>
<P><STRONG><a name="[21]"></a>__main</STRONG> (Thumb, 8 bytes, Stack size 0 bytes, __main.o(!!!main))
<BR><BR>[Calls]<UL><LI><a href="#[23]">&gt;&gt;</a>&nbsp;&nbsp;&nbsp;__rt_entry
<LI><a href="#[22]">&gt;&gt;</a>&nbsp;&nbsp;&nbsp;__scatterload
</UL>

<P><STRONG><a name="[22]"></a>__scatterload</STRONG> (Thumb, 0 bytes, Stack size unknown bytes, __scatter.o(!!!scatter))
<BR><BR>[Called By]<UL><LI><a href="#[21]">&gt;&gt;</a>&nbsp;&nbsp;&nbsp;__main
</UL>

<P><STRONG><a name="[24]"></a>__scatterload_rt2</STRONG> (Thumb, 52 bytes, Stack size unknown bytes, __scatter.o(!!!scatter), UNUSED)
<BR><BR>[Calls]<UL><LI><a href="#[23]">&gt;&gt;</a>&nbsp;&nbsp;&nbsp;__rt_entry
</UL>

<P><STRONG><a name="[3a]"></a>__scatterload_rt2_thumb_only</STRONG> (Thumb, 0 bytes, Stack size unknown bytes, __scatter.o(!!!scatter), UNUSED)

<P><STRONG><a name="[3b]"></a>__scatterload_null</STRONG> (Thumb, 0 bytes, Stack size unknown bytes, __scatter.o(!!!scatter), UNUSED)

<P><STRONG><a name="[3c]"></a>__scatterload_zeroinit</STRONG> (Thumb, 28 bytes, Stack size unknown bytes, __scatter_zi.o(!!handler_zi), UNUSED)

<P><STRONG><a name="[28]"></a>__rt_lib_init</STRONG> (Thumb, 0 bytes, Stack size unknown bytes, libinit.o(.ARM.Collect$$libinit$$00000000))
<BR><BR>[Called By]<UL><LI><a href="#[27]">&gt;&gt;</a>&nbsp;&nbsp;&nbsp;__rt_entry_li
</UL>

<P><STRONG><a name="[3d]"></a>__rt_lib_init_alloca_1</STRONG> (Thumb, 0 bytes, Stack size unknown bytes, libinit2.o(.ARM.Collect$$libinit$$0000002E))

<P><STRONG><a name="[3e]"></a>__rt_lib_init_argv_1</STRONG> (Thumb, 0 bytes, Stack size unknown bytes, libinit2.o(.ARM.Collect$$libinit$$0000002C))

<P><STRONG><a name="[3f]"></a>__rt_lib_init_atexit_1</STRONG> (Thumb, 0 bytes, Stack size unknown bytes, libinit2.o(.ARM.Collect$$libinit$$0000001B))

<P><STRONG><a name="[40]"></a>__rt_lib_init_clock_1</STRONG> (Thumb, 0 bytes, Stack size unknown bytes, libinit2.o(.ARM.Collect$$libinit$$00000021))

<P><STRONG><a name="[41]"></a>__rt_lib_init_cpp_1</STRONG> (Thumb, 0 bytes, Stack size unknown bytes, libinit2.o(.ARM.Collect$$libinit$$00000032))

<P><STRONG><a name="[42]"></a>__rt_lib_init_exceptions_1</STRONG> (Thumb, 0 bytes, Stack size unknown bytes, libinit2.o(.ARM.Collect$$libinit$$00000030))

<P><STRONG><a name="[43]"></a>__rt_lib_init_fp_1</STRONG> (Thumb, 0 bytes, Stack size unknown bytes, libinit2.o(.ARM.Collect$$libinit$$00000002))

<P><STRONG><a name="[44]"></a>__rt_lib_init_fp_trap_1</STRONG> (Thumb, 0 bytes, Stack size unknown bytes, libinit2.o(.ARM.Collect$$libinit$$0000001F))

<P><STRONG><a name="[45]"></a>__rt_lib_init_getenv_1</STRONG> (Thumb, 0 bytes, Stack size unknown bytes, libinit2.o(.ARM.Collect$$libinit$$00000023))

<P><STRONG><a name="[46]"></a>__rt_lib_init_heap_1</STRONG> (Thumb, 0 bytes, Stack size unknown bytes, libinit2.o(.ARM.Collect$$libinit$$0000000A))

<P><STRONG><a name="[47]"></a>__rt_lib_init_lc_collate_1</STRONG> (Thumb, 0 bytes, Stack size unknown bytes, libinit2.o(.ARM.Collect$$libinit$$00000011))

<P><STRONG><a name="[48]"></a>__rt_lib_init_lc_ctype_1</STRONG> (Thumb, 0 bytes, Stack size unknown bytes, libinit2.o(.ARM.Collect$$libinit$$00000013))

<P><STRONG><a name="[49]"></a>__rt_lib_init_lc_monetary_1</STRONG> (Thumb, 0 bytes, Stack size unknown bytes, libinit2.o(.ARM.Collect$$libinit$$00000015))

<P><STRONG><a name="[4a]"></a>__rt_lib_init_lc_numeric_1</STRONG> (Thumb, 0 bytes, Stack size unknown bytes, libinit2.o(.ARM.Collect$$libinit$$00000017))

<P><STRONG><a name="[4b]"></a>__rt_lib_init_lc_time_1</STRONG> (Thumb, 0 bytes, Stack size unknown bytes, libinit2.o(.ARM.Collect$$libinit$$00000019))

<P><STRONG><a name="[4c]"></a>__rt_lib_init_preinit_1</STRONG> (Thumb, 0 bytes, Stack size unknown bytes, libinit2.o(.ARM.Collect$$libinit$$00000004))

<P><STRONG><a name="[4d]"></a>__rt_lib_init_rand_1</STRONG> (Thumb, 0 bytes, Stack size unknown bytes, libinit2.o(.ARM.Collect$$libinit$$0000000E))

<P><STRONG><a name="[4e]"></a>__rt_lib_init_return</STRONG> (Thumb, 0 bytes, Stack size unknown bytes, libinit2.o(.ARM.Collect$$libinit$$00000033))

<P><STRONG><a name="[4f]"></a>__rt_lib_init_signal_1</STRONG> (Thumb, 0 bytes, Stack size unknown bytes, libinit2.o(.ARM.Collect$$libinit$$0000001D))

<P><STRONG><a name="[50]"></a>__rt_lib_init_stdio_1</STRONG> (Thumb, 0 bytes, Stack size unknown bytes, libinit2.o(.ARM.Collect$$libinit$$00000025))

<P><STRONG><a name="[51]"></a>__rt_lib_init_user_alloc_1</STRONG> (Thumb, 0 bytes, Stack size unknown bytes, libinit2.o(.ARM.Collect$$libinit$$0000000C))

<P><STRONG><a name="[2d]"></a>__rt_lib_shutdown</STRONG> (Thumb, 0 bytes, Stack size unknown bytes, libshutdown.o(.ARM.Collect$$libshutdown$$00000000))
<BR><BR>[Called By]<UL><LI><a href="#[2c]">&gt;&gt;</a>&nbsp;&nbsp;&nbsp;__rt_exit_ls
</UL>

<P><STRONG><a name="[52]"></a>__rt_lib_shutdown_cpp_1</STRONG> (Thumb, 0 bytes, Stack size unknown bytes, libshutdown2.o(.ARM.Collect$$libshutdown$$00000002))

<P><STRONG><a name="[53]"></a>__rt_lib_shutdown_fp_trap_1</STRONG> (Thumb, 0 bytes, Stack size unknown bytes, libshutdown2.o(.ARM.Collect$$libshutdown$$00000007))

<P><STRONG><a name="[54]"></a>__rt_lib_shutdown_heap_1</STRONG> (Thumb, 0 bytes, Stack size unknown bytes, libshutdown2.o(.ARM.Collect$$libshutdown$$0000000F))

<P><STRONG><a name="[55]"></a>__rt_lib_shutdown_return</STRONG> (Thumb, 0 bytes, Stack size unknown bytes, libshutdown2.o(.ARM.Collect$$libshutdown$$00000010))

<P><STRONG><a name="[56]"></a>__rt_lib_shutdown_signal_1</STRONG> (Thumb, 0 bytes, Stack size unknown bytes, libshutdown2.o(.ARM.Collect$$libshutdown$$0000000A))

<P><STRONG><a name="[57]"></a>__rt_lib_shutdown_stdio_1</STRONG> (Thumb, 0 bytes, Stack size unknown bytes, libshutdown2.o(.ARM.Collect$$libshutdown$$00000004))

<P><STRONG><a name="[58]"></a>__rt_lib_shutdown_user_alloc_1</STRONG> (Thumb, 0 bytes, Stack size unknown bytes, libshutdown2.o(.ARM.Collect$$libshutdown$$0000000C))

<P><STRONG><a name="[23]"></a>__rt_entry</STRONG> (Thumb, 0 bytes, Stack size unknown bytes, __rtentry.o(.ARM.Collect$$rtentry$$00000000))
<BR><BR>[Called By]<UL><LI><a href="#[21]">&gt;&gt;</a>&nbsp;&nbsp;&nbsp;__main
<LI><a href="#[24]">&gt;&gt;</a>&nbsp;&nbsp;&nbsp;__scatterload_rt2
</UL>

<P><STRONG><a name="[59]"></a>__rt_entry_presh_1</STRONG> (Thumb, 0 bytes, Stack size unknown bytes, __rtentry2.o(.ARM.Collect$$rtentry$$00000002))

<P><STRONG><a name="[25]"></a>__rt_entry_sh</STRONG> (Thumb, 0 bytes, Stack size unknown bytes, __rtentry4.o(.ARM.Collect$$rtentry$$00000004))
<BR><BR>[Stack]<UL><LI>Max Depth = 8 + Unknown Stack Size
<LI>Call Chain = __rt_entry_sh &rArr; __user_setup_stackheap
</UL>
<BR>[Calls]<UL><LI><a href="#[26]">&gt;&gt;</a>&nbsp;&nbsp;&nbsp;__user_setup_stackheap
</UL>

<P><STRONG><a name="[27]"></a>__rt_entry_li</STRONG> (Thumb, 0 bytes, Stack size unknown bytes, __rtentry2.o(.ARM.Collect$$rtentry$$0000000A))
<BR><BR>[Calls]<UL><LI><a href="#[28]">&gt;&gt;</a>&nbsp;&nbsp;&nbsp;__rt_lib_init
</UL>

<P><STRONG><a name="[5a]"></a>__rt_entry_postsh_1</STRONG> (Thumb, 0 bytes, Stack size unknown bytes, __rtentry2.o(.ARM.Collect$$rtentry$$00000009))

<P><STRONG><a name="[29]"></a>__rt_entry_main</STRONG> (Thumb, 0 bytes, Stack size unknown bytes, __rtentry2.o(.ARM.Collect$$rtentry$$0000000D))
<BR><BR>[Stack]<UL><LI>Max Depth = 1092 + Unknown Stack Size
<LI>Call Chain = __rt_entry_main &rArr; main &rArr; FMC_Write_Array
</UL>
<BR>[Calls]<UL><LI><a href="#[2b]">&gt;&gt;</a>&nbsp;&nbsp;&nbsp;exit
<LI><a href="#[2a]">&gt;&gt;</a>&nbsp;&nbsp;&nbsp;main
</UL>

<P><STRONG><a name="[5b]"></a>__rt_entry_postli_1</STRONG> (Thumb, 0 bytes, Stack size unknown bytes, __rtentry2.o(.ARM.Collect$$rtentry$$0000000C))

<P><STRONG><a name="[33]"></a>__rt_exit</STRONG> (Thumb, 0 bytes, Stack size unknown bytes, rtexit.o(.ARM.Collect$$rtexit$$00000000))
<BR><BR>[Called By]<UL><LI><a href="#[2b]">&gt;&gt;</a>&nbsp;&nbsp;&nbsp;exit
</UL>

<P><STRONG><a name="[2c]"></a>__rt_exit_ls</STRONG> (Thumb, 0 bytes, Stack size unknown bytes, rtexit2.o(.ARM.Collect$$rtexit$$00000003))
<BR><BR>[Calls]<UL><LI><a href="#[2d]">&gt;&gt;</a>&nbsp;&nbsp;&nbsp;__rt_lib_shutdown
</UL>

<P><STRONG><a name="[5c]"></a>__rt_exit_prels_1</STRONG> (Thumb, 0 bytes, Stack size unknown bytes, rtexit2.o(.ARM.Collect$$rtexit$$00000002))

<P><STRONG><a name="[2e]"></a>__rt_exit_exit</STRONG> (Thumb, 0 bytes, Stack size unknown bytes, rtexit2.o(.ARM.Collect$$rtexit$$00000004))
<BR><BR>[Calls]<UL><LI><a href="#[2f]">&gt;&gt;</a>&nbsp;&nbsp;&nbsp;_sys_exit
</UL>

<P><STRONG><a name="[5]"></a>Reset_Handler</STRONG> (Thumb, 8 bytes, Stack size 0 bytes, startup_cms32m5xxx.o(.text))
<BR>[Address Reference Count : 1]<UL><LI> startup_cms32m5xxx.o(RESET)
</UL>
<P><STRONG><a name="[15]"></a>ADC1_IRQHandler</STRONG> (Thumb, 0 bytes, Stack size 0 bytes, startup_cms32m5xxx.o(.text))
<BR>[Address Reference Count : 1]<UL><LI> startup_cms32m5xxx.o(RESET)
</UL>
<P><STRONG><a name="[1e]"></a>LVD_IRQHandler</STRONG> (Thumb, 0 bytes, Stack size 0 bytes, startup_cms32m5xxx.o(.text))
<BR>[Address Reference Count : 1]<UL><LI> startup_cms32m5xxx.o(RESET)
</UL>
<P><STRONG><a name="[1d]"></a>SPI_IRQHandler</STRONG> (Thumb, 0 bytes, Stack size 0 bytes, startup_cms32m5xxx.o(.text))
<BR>[Address Reference Count : 1]<UL><LI> startup_cms32m5xxx.o(RESET)
</UL>
<P><STRONG><a name="[19]"></a>TMR0_IRQHandler</STRONG> (Thumb, 0 bytes, Stack size 0 bytes, startup_cms32m5xxx.o(.text))
<BR>[Address Reference Count : 1]<UL><LI> startup_cms32m5xxx.o(RESET)
</UL>
<P><STRONG><a name="[1a]"></a>TMR1_IRQHandler</STRONG> (Thumb, 0 bytes, Stack size 0 bytes, startup_cms32m5xxx.o(.text))
<BR>[Address Reference Count : 1]<UL><LI> startup_cms32m5xxx.o(RESET)
</UL>
<P><STRONG><a name="[31]"></a>__user_initial_stackheap</STRONG> (Thumb, 0 bytes, Stack size unknown bytes, startup_cms32m5xxx.o(.text))
<BR><BR>[Called By]<UL><LI><a href="#[26]">&gt;&gt;</a>&nbsp;&nbsp;&nbsp;__user_setup_stackheap
</UL>

<P><STRONG><a name="[5d]"></a>__use_two_region_memory</STRONG> (Thumb, 2 bytes, Stack size 0 bytes, heapauxi.o(.text), UNUSED)

<P><STRONG><a name="[5e]"></a>__rt_heap_escrow$2region</STRONG> (Thumb, 2 bytes, Stack size 0 bytes, heapauxi.o(.text), UNUSED)

<P><STRONG><a name="[5f]"></a>__rt_heap_expand$2region</STRONG> (Thumb, 2 bytes, Stack size 0 bytes, heapauxi.o(.text), UNUSED)

<P><STRONG><a name="[26]"></a>__user_setup_stackheap</STRONG> (Thumb, 62 bytes, Stack size 8 bytes, sys_stackheap_outer.o(.text))
<BR><BR>[Stack]<UL><LI>Max Depth = 8 + Unknown Stack Size
<LI>Call Chain = __user_setup_stackheap
</UL>
<BR>[Calls]<UL><LI><a href="#[30]">&gt;&gt;</a>&nbsp;&nbsp;&nbsp;__user_perproc_libspace
<LI><a href="#[31]">&gt;&gt;</a>&nbsp;&nbsp;&nbsp;__user_initial_stackheap
</UL>
<BR>[Called By]<UL><LI><a href="#[25]">&gt;&gt;</a>&nbsp;&nbsp;&nbsp;__rt_entry_sh
</UL>

<P><STRONG><a name="[2b]"></a>exit</STRONG> (Thumb, 16 bytes, Stack size 8 bytes, exit.o(.text))
<BR><BR>[Stack]<UL><LI>Max Depth = 8 + Unknown Stack Size
<LI>Call Chain = exit
</UL>
<BR>[Calls]<UL><LI><a href="#[33]">&gt;&gt;</a>&nbsp;&nbsp;&nbsp;__rt_exit
<LI><a href="#[32]">&gt;&gt;</a>&nbsp;&nbsp;&nbsp;_call_atexit_fns (Weak Reference)
</UL>
<BR>[Called By]<UL><LI><a href="#[29]">&gt;&gt;</a>&nbsp;&nbsp;&nbsp;__rt_entry_main
</UL>

<P><STRONG><a name="[60]"></a>__user_libspace</STRONG> (Thumb, 8 bytes, Stack size 0 bytes, libspace.o(.text), UNUSED)

<P><STRONG><a name="[30]"></a>__user_perproc_libspace</STRONG> (Thumb, 0 bytes, Stack size 0 bytes, libspace.o(.text))
<BR><BR>[Called By]<UL><LI><a href="#[26]">&gt;&gt;</a>&nbsp;&nbsp;&nbsp;__user_setup_stackheap
</UL>

<P><STRONG><a name="[61]"></a>__user_perthread_libspace</STRONG> (Thumb, 0 bytes, Stack size 0 bytes, libspace.o(.text), UNUSED)

<P><STRONG><a name="[2f]"></a>_sys_exit</STRONG> (Thumb, 8 bytes, Stack size 0 bytes, sys_exit.o(.text))
<BR><BR>[Called By]<UL><LI><a href="#[2e]">&gt;&gt;</a>&nbsp;&nbsp;&nbsp;__rt_exit_exit
</UL>

<P><STRONG><a name="[62]"></a>__I$use$semihosting</STRONG> (Thumb, 0 bytes, Stack size 0 bytes, use_no_semi.o(.text), UNUSED)

<P><STRONG><a name="[63]"></a>__use_no_semihosting_swi</STRONG> (Thumb, 2 bytes, Stack size 0 bytes, use_no_semi.o(.text), UNUSED)

<P><STRONG><a name="[64]"></a>__semihosting_library_function</STRONG> (Thumb, 0 bytes, Stack size unknown bytes, indicate_semi.o(.text), UNUSED)

<P><STRONG><a name="[16]"></a>ACMP_IRQHandler</STRONG> (Thumb, 16 bytes, Stack size 8 bytes, main.o(.text.ACMP_IRQHandler))
<BR><BR>[Stack]<UL><LI>Max Depth = 8<LI>Call Chain = ACMP_IRQHandler
</UL>
<BR>[Address Reference Count : 1]<UL><LI> startup_cms32m5xxx.o(RESET)
</UL>
<P><STRONG><a name="[12]"></a>ADC0_IRQHandler</STRONG> (Thumb, 16 bytes, Stack size 8 bytes, main.o(.text.ADC0_IRQHandler))
<BR><BR>[Stack]<UL><LI>Max Depth = 8<LI>Call Chain = ADC0_IRQHandler
</UL>
<BR>[Address Reference Count : 1]<UL><LI> startup_cms32m5xxx.o(RESET)
</UL>
<P><STRONG><a name="[37]"></a>BSP_Delay_Ms</STRONG> (Thumb, 44 bytes, Stack size 0 bytes, mcu_config.o(.text.BSP_Delay_Ms))
<BR><BR>[Called By]<UL><LI><a href="#[2a]">&gt;&gt;</a>&nbsp;&nbsp;&nbsp;main
</UL>

<P><STRONG><a name="[35]"></a>BSP_GPIOConfig</STRONG> (Thumb, 132 bytes, Stack size 20 bytes, mcu_config.o(.text.BSP_GPIOConfig))
<BR><BR>[Stack]<UL><LI>Max Depth = 20<LI>Call Chain = BSP_GPIOConfig
</UL>
<BR>[Called By]<UL><LI><a href="#[34]">&gt;&gt;</a>&nbsp;&nbsp;&nbsp;BSP_MCU_Config
</UL>

<P><STRONG><a name="[34]"></a>BSP_MCU_Config</STRONG> (Thumb, 88 bytes, Stack size 8 bytes, mcu_config.o(.text.BSP_MCU_Config))
<BR><BR>[Stack]<UL><LI>Max Depth = 28<LI>Call Chain = BSP_MCU_Config &rArr; BSP_GPIOConfig
</UL>
<BR>[Calls]<UL><LI><a href="#[36]">&gt;&gt;</a>&nbsp;&nbsp;&nbsp;BSP_UART1Config
<LI><a href="#[35]">&gt;&gt;</a>&nbsp;&nbsp;&nbsp;BSP_GPIOConfig
</UL>
<BR>[Called By]<UL><LI><a href="#[2a]">&gt;&gt;</a>&nbsp;&nbsp;&nbsp;main
</UL>

<P><STRONG><a name="[36]"></a>BSP_UART1Config</STRONG> (Thumb, 64 bytes, Stack size 0 bytes, mcu_config.o(.text.BSP_UART1Config))
<BR><BR>[Called By]<UL><LI><a href="#[34]">&gt;&gt;</a>&nbsp;&nbsp;&nbsp;BSP_MCU_Config
</UL>

<P><STRONG><a name="[11]"></a>CCP_IRQHandler</STRONG> (Thumb, 16 bytes, Stack size 8 bytes, main.o(.text.CCP_IRQHandler))
<BR><BR>[Stack]<UL><LI>Max Depth = 8<LI>Call Chain = CCP_IRQHandler
</UL>
<BR>[Address Reference Count : 1]<UL><LI> startup_cms32m5xxx.o(RESET)
</UL>
<P><STRONG><a name="[14]"></a>EPWM_IRQHandler</STRONG> (Thumb, 16 bytes, Stack size 8 bytes, main.o(.text.EPWM_IRQHandler))
<BR><BR>[Stack]<UL><LI>Max Depth = 8<LI>Call Chain = EPWM_IRQHandler
</UL>
<BR>[Address Reference Count : 1]<UL><LI> startup_cms32m5xxx.o(RESET)
</UL>
<P><STRONG><a name="[39]"></a>FMC_Read_Array</STRONG> (Thumb, 92 bytes, Stack size 24 bytes, user_fmc.o(.text.FMC_Read_Array))
<BR><BR>[Stack]<UL><LI>Max Depth = 24<LI>Call Chain = FMC_Read_Array
</UL>
<BR>[Called By]<UL><LI><a href="#[2a]">&gt;&gt;</a>&nbsp;&nbsp;&nbsp;main
</UL>

<P><STRONG><a name="[38]"></a>FMC_Write_Array</STRONG> (Thumb, 132 bytes, Stack size 36 bytes, user_fmc.o(.text.FMC_Write_Array))
<BR><BR>[Stack]<UL><LI>Max Depth = 36<LI>Call Chain = FMC_Write_Array
</UL>
<BR>[Called By]<UL><LI><a href="#[2a]">&gt;&gt;</a>&nbsp;&nbsp;&nbsp;main
</UL>

<P><STRONG><a name="[b]"></a>GPIO0_IRQHandler</STRONG> (Thumb, 12 bytes, Stack size 8 bytes, main.o(.text.GPIO0_IRQHandler))
<BR><BR>[Stack]<UL><LI>Max Depth = 8<LI>Call Chain = GPIO0_IRQHandler
</UL>
<BR>[Address Reference Count : 1]<UL><LI> startup_cms32m5xxx.o(RESET)
</UL>
<P><STRONG><a name="[c]"></a>GPIO1_IRQHandler</STRONG> (Thumb, 16 bytes, Stack size 8 bytes, main.o(.text.GPIO1_IRQHandler))
<BR><BR>[Stack]<UL><LI>Max Depth = 8<LI>Call Chain = GPIO1_IRQHandler
</UL>
<BR>[Address Reference Count : 1]<UL><LI> startup_cms32m5xxx.o(RESET)
</UL>
<P><STRONG><a name="[d]"></a>GPIO2_IRQHandler</STRONG> (Thumb, 16 bytes, Stack size 8 bytes, main.o(.text.GPIO2_IRQHandler))
<BR><BR>[Stack]<UL><LI>Max Depth = 8<LI>Call Chain = GPIO2_IRQHandler
</UL>
<BR>[Address Reference Count : 1]<UL><LI> startup_cms32m5xxx.o(RESET)
</UL>
<P><STRONG><a name="[e]"></a>GPIO3_IRQHandler</STRONG> (Thumb, 16 bytes, Stack size 8 bytes, main.o(.text.GPIO3_IRQHandler))
<BR><BR>[Stack]<UL><LI>Max Depth = 8<LI>Call Chain = GPIO3_IRQHandler
</UL>
<BR>[Address Reference Count : 1]<UL><LI> startup_cms32m5xxx.o(RESET)
</UL>
<P><STRONG><a name="[f]"></a>GPIO4_IRQHandler</STRONG> (Thumb, 16 bytes, Stack size 8 bytes, main.o(.text.GPIO4_IRQHandler))
<BR><BR>[Stack]<UL><LI>Max Depth = 8<LI>Call Chain = GPIO4_IRQHandler
</UL>
<BR>[Address Reference Count : 1]<UL><LI> startup_cms32m5xxx.o(RESET)
</UL>
<P><STRONG><a name="[7]"></a>HardFault_Handler</STRONG> (Thumb, 16 bytes, Stack size 8 bytes, main.o(.text.HardFault_Handler))
<BR><BR>[Stack]<UL><LI>Max Depth = 8<LI>Call Chain = HardFault_Handler
</UL>
<BR>[Address Reference Count : 1]<UL><LI> startup_cms32m5xxx.o(RESET)
</UL>
<P><STRONG><a name="[1c]"></a>I2C_IRQHandler</STRONG> (Thumb, 12 bytes, Stack size 8 bytes, main.o(.text.I2C_IRQHandler))
<BR><BR>[Stack]<UL><LI>Max Depth = 8<LI>Call Chain = I2C_IRQHandler
</UL>
<BR>[Address Reference Count : 1]<UL><LI> startup_cms32m5xxx.o(RESET)
</UL>
<P><STRONG><a name="[6]"></a>NMI_Handler</STRONG> (Thumb, 16 bytes, Stack size 8 bytes, main.o(.text.NMI_Handler))
<BR><BR>[Stack]<UL><LI>Max Depth = 8<LI>Call Chain = NMI_Handler
</UL>
<BR>[Address Reference Count : 1]<UL><LI> startup_cms32m5xxx.o(RESET)
</UL>
<P><STRONG><a name="[9]"></a>PendSV_Handler</STRONG> (Thumb, 16 bytes, Stack size 8 bytes, main.o(.text.PendSV_Handler))
<BR><BR>[Stack]<UL><LI>Max Depth = 8<LI>Call Chain = PendSV_Handler
</UL>
<BR>[Address Reference Count : 1]<UL><LI> startup_cms32m5xxx.o(RESET)
</UL>
<P><STRONG><a name="[8]"></a>SVC_Handler</STRONG> (Thumb, 16 bytes, Stack size 8 bytes, main.o(.text.SVC_Handler))
<BR><BR>[Stack]<UL><LI>Max Depth = 8<LI>Call Chain = SVC_Handler
</UL>
<BR>[Address Reference Count : 1]<UL><LI> startup_cms32m5xxx.o(RESET)
</UL>
<P><STRONG><a name="[a]"></a>SysTick_Handler</STRONG> (Thumb, 16 bytes, Stack size 8 bytes, main.o(.text.SysTick_Handler))
<BR><BR>[Stack]<UL><LI>Max Depth = 8<LI>Call Chain = SysTick_Handler
</UL>
<BR>[Address Reference Count : 1]<UL><LI> startup_cms32m5xxx.o(RESET)
</UL>
<P><STRONG><a name="[1f]"></a>SystemInit</STRONG> (Thumb, 2 bytes, Stack size 0 bytes, system_cms32m5xxx.o(.text.SystemInit))
<BR>[Address Reference Count : 1]<UL><LI> startup_cms32m5xxx.o(.text)
</UL>
<P><STRONG><a name="[17]"></a>UART0_IRQHandler</STRONG> (Thumb, 16 bytes, Stack size 8 bytes, main.o(.text.UART0_IRQHandler))
<BR><BR>[Stack]<UL><LI>Max Depth = 8<LI>Call Chain = UART0_IRQHandler
</UL>
<BR>[Address Reference Count : 1]<UL><LI> startup_cms32m5xxx.o(RESET)
</UL>
<P><STRONG><a name="[18]"></a>UART1_IRQHandler</STRONG> (Thumb, 12 bytes, Stack size 8 bytes, main.o(.text.UART1_IRQHandler))
<BR><BR>[Stack]<UL><LI>Max Depth = 8<LI>Call Chain = UART1_IRQHandler
</UL>
<BR>[Address Reference Count : 1]<UL><LI> startup_cms32m5xxx.o(RESET)
</UL>
<P><STRONG><a name="[1b]"></a>WDT_IRQHandler</STRONG> (Thumb, 16 bytes, Stack size 8 bytes, main.o(.text.WDT_IRQHandler))
<BR><BR>[Stack]<UL><LI>Max Depth = 8<LI>Call Chain = WDT_IRQHandler
</UL>
<BR>[Address Reference Count : 1]<UL><LI> startup_cms32m5xxx.o(RESET)
</UL>
<P><STRONG><a name="[13]"></a>WWDT_IRQHandler</STRONG> (Thumb, 16 bytes, Stack size 8 bytes, main.o(.text.WWDT_IRQHandler))
<BR><BR>[Stack]<UL><LI>Max Depth = 8<LI>Call Chain = WWDT_IRQHandler
</UL>
<BR>[Address Reference Count : 1]<UL><LI> startup_cms32m5xxx.o(RESET)
</UL>
<P><STRONG><a name="[2a]"></a>main</STRONG> (Thumb, 188 bytes, Stack size 1056 bytes, main.o(.text.main))
<BR><BR>[Stack]<UL><LI>Max Depth = 1092<LI>Call Chain = main &rArr; FMC_Write_Array
</UL>
<BR>[Calls]<UL><LI><a href="#[38]">&gt;&gt;</a>&nbsp;&nbsp;&nbsp;FMC_Write_Array
<LI><a href="#[39]">&gt;&gt;</a>&nbsp;&nbsp;&nbsp;FMC_Read_Array
<LI><a href="#[34]">&gt;&gt;</a>&nbsp;&nbsp;&nbsp;BSP_MCU_Config
<LI><a href="#[37]">&gt;&gt;</a>&nbsp;&nbsp;&nbsp;BSP_Delay_Ms
</UL>
<BR>[Called By]<UL><LI><a href="#[29]">&gt;&gt;</a>&nbsp;&nbsp;&nbsp;__rt_entry_main
</UL>
<P>
<H3>
Local Symbols
</H3>
<P><STRONG><a name="[10]"></a>Default_Handler</STRONG> (Thumb, 2 bytes, Stack size 0 bytes, startup_cms32m5xxx.o(.text))
<BR><BR>[Calls]<UL><LI><a href="#[10]">&gt;&gt;</a>&nbsp;&nbsp;&nbsp;Default_Handler
</UL>
<BR>[Called By]<UL><LI><a href="#[10]">&gt;&gt;</a>&nbsp;&nbsp;&nbsp;Default_Handler
</UL>
<BR>[Address Reference Count : 1]<UL><LI> startup_cms32m5xxx.o(RESET)
</UL><P>
<H3>
Undefined Global Symbols
</H3>
<P><STRONG><a name="[32]"></a>_call_atexit_fns</STRONG> (ARM, 0 bytes, Stack size 0 bytes, UNDEFINED)
<BR><BR>[Called By]<UL><LI><a href="#[2b]">&gt;&gt;</a>&nbsp;&nbsp;&nbsp;exit
</UL>
<HR></body></html>
