Component: ARM Compiler 6.9 Tool: armlink [5ced1b00]

==============================================================================

Section Cross References

    main.o(.text.main) refers to mcu_config.o(.text.BSP_MCU_Config) for BSP_MCU_Config
    main.o(.text.main) refers to mcu_config.o(.text.BSP_Delay_Ms) for BSP_Delay_Ms
    main.o(.text.main) refers to user_fmc.o(.text.FMC_Write_Array) for FMC_Write_Array
    main.o(.text.main) refers to user_fmc.o(.text.FMC_Read_Array) for FMC_Read_Array
    main.o(.text.main) refers to main.o(.bss..L_MergedGlobals) for [Anonymous Symbol]
    main.o(.ARM.exidx.text.main) refers to main.o(.text.main) for [Anonymous Symbol]
    main.o(.ARM.exidx.text.NMI_Handler) refers to main.o(.text.NMI_Handler) for [Anonymous Symbol]
    main.o(.ARM.exidx.text.HardFault_Handler) refers to main.o(.text.HardFault_Handler) for [Anonymous Symbol]
    main.o(.ARM.exidx.text.SVC_Handler) refers to main.o(.text.SVC_Handler) for [Anonymous Symbol]
    main.o(.ARM.exidx.text.PendSV_Handler) refers to main.o(.text.PendSV_Handler) for [Anonymous Symbol]
    main.o(.ARM.exidx.text.SysTick_Handler) refers to main.o(.text.SysTick_Handler) for [Anonymous Symbol]
    main.o(.ARM.exidx.text.GPIO0_IRQHandler) refers to main.o(.text.GPIO0_IRQHandler) for [Anonymous Symbol]
    main.o(.ARM.exidx.text.GPIO1_IRQHandler) refers to main.o(.text.GPIO1_IRQHandler) for [Anonymous Symbol]
    main.o(.ARM.exidx.text.GPIO2_IRQHandler) refers to main.o(.text.GPIO2_IRQHandler) for [Anonymous Symbol]
    main.o(.ARM.exidx.text.GPIO3_IRQHandler) refers to main.o(.text.GPIO3_IRQHandler) for [Anonymous Symbol]
    main.o(.ARM.exidx.text.GPIO4_IRQHandler) refers to main.o(.text.GPIO4_IRQHandler) for [Anonymous Symbol]
    main.o(.ARM.exidx.text.GPIO5_IRQHandler) refers to main.o(.text.GPIO5_IRQHandler) for [Anonymous Symbol]
    main.o(.ARM.exidx.text.CCP_IRQHandler) refers to main.o(.text.CCP_IRQHandler) for [Anonymous Symbol]
    main.o(.ARM.exidx.text.ADC0_IRQHandler) refers to main.o(.text.ADC0_IRQHandler) for [Anonymous Symbol]
    main.o(.ARM.exidx.text.WWDT_IRQHandler) refers to main.o(.text.WWDT_IRQHandler) for [Anonymous Symbol]
    main.o(.ARM.exidx.text.EPWM_IRQHandler) refers to main.o(.text.EPWM_IRQHandler) for [Anonymous Symbol]
    main.o(.ARM.exidx.text.ADCB_IRQHandler) refers to main.o(.text.ADCB_IRQHandler) for [Anonymous Symbol]
    main.o(.ARM.exidx.text.ACMP_IRQHandler) refers to main.o(.text.ACMP_IRQHandler) for [Anonymous Symbol]
    main.o(.ARM.exidx.text.UART0_IRQHandler) refers to main.o(.text.UART0_IRQHandler) for [Anonymous Symbol]
    main.o(.ARM.exidx.text.UART1_IRQHandler) refers to main.o(.text.UART1_IRQHandler) for [Anonymous Symbol]
    main.o(.ARM.exidx.text.TIMER0_IRQHandler) refers to main.o(.text.TIMER0_IRQHandler) for [Anonymous Symbol]
    main.o(.ARM.exidx.text.TIMER1_IRQHandler) refers to main.o(.text.TIMER1_IRQHandler) for [Anonymous Symbol]
    main.o(.ARM.exidx.text.TIMER2_IRQHandler) refers to main.o(.text.TIMER2_IRQHandler) for [Anonymous Symbol]
    main.o(.ARM.exidx.text.TIMER3_IRQHandler) refers to main.o(.text.TIMER3_IRQHandler) for [Anonymous Symbol]
    main.o(.ARM.exidx.text.WDT_IRQHandler) refers to main.o(.text.WDT_IRQHandler) for [Anonymous Symbol]
    main.o(.ARM.exidx.text.I2C_IRQHandler) refers to main.o(.text.I2C_IRQHandler) for [Anonymous Symbol]
    main.o(.ARM.exidx.text.SSP_IRQHandler) refers to main.o(.text.SSP_IRQHandler) for [Anonymous Symbol]
    main.o(.ARM.exidx.text.SYS_CHK_IRQHandler) refers to main.o(.text.SYS_CHK_IRQHandler) for [Anonymous Symbol]
    mcu_config.o(.text.BSP_MCU_Config) refers to mcu_config.o(.text.BSP_GPIOConfig) for BSP_GPIOConfig
    mcu_config.o(.text.BSP_MCU_Config) refers to mcu_config.o(.text.BSP_UART1Config) for BSP_UART1Config
    mcu_config.o(.text.BSP_MCU_Config) refers to mcu_config.o(.bss.communication_mode) for communication_mode
    mcu_config.o(.ARM.exidx.text.BSP_MCU_Config) refers to mcu_config.o(.text.BSP_MCU_Config) for [Anonymous Symbol]
    mcu_config.o(.ARM.exidx.text.BSP_GPIOConfig) refers to mcu_config.o(.text.BSP_GPIOConfig) for [Anonymous Symbol]
    mcu_config.o(.text.BSP_UART1Config) refers to mcu_config.o(.bss.communication_mode) for communication_mode
    mcu_config.o(.ARM.exidx.text.BSP_UART1Config) refers to mcu_config.o(.text.BSP_UART1Config) for [Anonymous Symbol]
    mcu_config.o(.ARM.exidx.text.BSP_TMR0Config) refers to mcu_config.o(.text.BSP_TMR0Config) for [Anonymous Symbol]
    mcu_config.o(.text.getChar) refers to mcu_config.o(.bss.communication_mode) for communication_mode
    mcu_config.o(.ARM.exidx.text.getChar) refers to mcu_config.o(.text.getChar) for [Anonymous Symbol]
    mcu_config.o(.text.xmitchar) refers to mcu_config.o(.bss.communication_mode) for communication_mode
    mcu_config.o(.ARM.exidx.text.xmitchar) refers to mcu_config.o(.text.xmitchar) for [Anonymous Symbol]
    mcu_config.o(.ARM.exidx.text.BSP_Delay_Us) refers to mcu_config.o(.text.BSP_Delay_Us) for [Anonymous Symbol]
    mcu_config.o(.ARM.exidx.text.BSP_Delay_Ms) refers to mcu_config.o(.text.BSP_Delay_Ms) for [Anonymous Symbol]
    cm_handler.o(.text.Set_Address) refers to mcu_config.o(.text.xmitchar) for xmitchar
    cm_handler.o(.text.Set_Address) refers to mcu_config.o(.text.getChar) for getChar
    cm_handler.o(.ARM.exidx.text.Set_Address) refers to cm_handler.o(.text.Set_Address) for [Anonymous Symbol]
    cm_handler.o(.text.Cmd_Read_EEPROM) refers to mcu_config.o(.text.xmitchar) for xmitchar
    cm_handler.o(.ARM.exidx.text.Cmd_Read_EEPROM) refers to cm_handler.o(.text.Cmd_Read_EEPROM) for [Anonymous Symbol]
    cm_handler.o(.text.Cmd_Load_EEPROM) refers to mcu_config.o(.text.xmitchar) for xmitchar
    cm_handler.o(.text.Cmd_Load_EEPROM) refers to mcu_config.o(.text.getChar) for getChar
    cm_handler.o(.text.Cmd_Load_EEPROM) refers to cm_handler.o(.text.FEE_Write) for FEE_Write
    cm_handler.o(.text.Cmd_Load_EEPROM) refers to main.o(.bss.g_FEE_Buffer) for g_FEE_Buffer
    cm_handler.o(.ARM.exidx.text.Cmd_Load_EEPROM) refers to cm_handler.o(.text.Cmd_Load_EEPROM) for [Anonymous Symbol]
    cm_handler.o(.text.FEE_Write) refers to user_fmc.o(.text.FMC_Write_Array) for FMC_Write_Array
    cm_handler.o(.text.FEE_Write) refers to cm_handler.o(.bss.bank_state) for bank_state
    cm_handler.o(.text.FEE_Write) refers to main.o(.bss.g_FEE_Buffer) for g_FEE_Buffer
    cm_handler.o(.ARM.exidx.text.FEE_Write) refers to cm_handler.o(.text.FEE_Write) for [Anonymous Symbol]
    cm_handler.o(.text.Read_Version_Info) refers to mcu_config.o(.text.xmitchar) for xmitchar
    cm_handler.o(.text.Read_Version_Info) refers to user_fmc.o(.text.FMC_Read_Array) for FMC_Read_Array
    cm_handler.o(.text.Read_Version_Info) refers to main.o(.ARM.__at_0x0DF0) for Module_ID
    cm_handler.o(.text.Read_Version_Info) refers to main.o(.ARM.__at_0x0DF8) for Revision
    cm_handler.o(.ARM.exidx.text.Read_Version_Info) refers to cm_handler.o(.text.Read_Version_Info) for [Anonymous Symbol]
    cm_handler.o(.text.Read_Flash_Page) refers to mcu_config.o(.text.getChar) for getChar
    cm_handler.o(.text.Read_Flash_Page) refers to user_fmc.o(.text.FMC_Read_Array) for FMC_Read_Array
    cm_handler.o(.text.Read_Flash_Page) refers to mcu_config.o(.text.xmitchar) for xmitchar
    cm_handler.o(.ARM.exidx.text.Read_Flash_Page) refers to cm_handler.o(.text.Read_Flash_Page) for [Anonymous Symbol]
    cm_handler.o(.text.Load_Flash_Page) refers to mcu_config.o(.text.getChar) for getChar
    cm_handler.o(.text.Load_Flash_Page) refers to user_fmc.o(.text.FMC_Write_Array) for FMC_Write_Array
    cm_handler.o(.text.Load_Flash_Page) refers to user_fmc.o(.text.Erase_Flash_Page) for Erase_Flash_Page
    cm_handler.o(.text.Load_Flash_Page) refers to cm_handler.o(.text.Read_Flash_Page) for Read_Flash_Page
    cm_handler.o(.text.Load_Flash_Page) refers to mcu_config.o(.text.xmitchar) for xmitchar
    cm_handler.o(.ARM.exidx.text.Load_Flash_Page) refers to cm_handler.o(.text.Load_Flash_Page) for [Anonymous Symbol]
    cm_handler.o(.text.FEE_Read) refers to user_fmc.o(.text.FMC_Read_Array) for FMC_Read_Array
    cm_handler.o(.text.FEE_Read) refers to user_fmc.o(.text.FMC_Read_Data) for FMC_Read_Data
    cm_handler.o(.text.FEE_Read) refers to cm_handler.o(.bss.bank_state) for bank_state
    cm_handler.o(.text.FEE_Read) refers to main.o(.bss.g_FEE_Buffer) for g_FEE_Buffer
    cm_handler.o(.ARM.exidx.text.FEE_Read) refers to cm_handler.o(.text.FEE_Read) for [Anonymous Symbol]
    user_fmc.o(.ARM.exidx.text.FMC_Write_Data) refers to user_fmc.o(.text.FMC_Write_Data) for [Anonymous Symbol]
    user_fmc.o(.ARM.exidx.text.FMC_Read_Data) refers to user_fmc.o(.text.FMC_Read_Data) for [Anonymous Symbol]
    user_fmc.o(.ARM.exidx.text.FMC_Read_Array) refers to user_fmc.o(.text.FMC_Read_Array) for [Anonymous Symbol]
    user_fmc.o(.ARM.exidx.text.FMC_Write_Array) refers to user_fmc.o(.text.FMC_Write_Array) for [Anonymous Symbol]
    user_fmc.o(.ARM.exidx.text.Erase_Flash_Page) refers to user_fmc.o(.text.Erase_Flash_Page) for [Anonymous Symbol]
    startup_cms32m5xxx.o(STACK) refers (Special) to heapauxi.o(.text) for __use_two_region_memory
    startup_cms32m5xxx.o(HEAP) refers (Special) to heapauxi.o(.text) for __use_two_region_memory
    startup_cms32m5xxx.o(RESET) refers (Special) to heapauxi.o(.text) for __use_two_region_memory
    startup_cms32m5xxx.o(RESET) refers to startup_cms32m5xxx.o(STACK) for __initial_sp
    startup_cms32m5xxx.o(RESET) refers to startup_cms32m5xxx.o(.text) for Reset_Handler
    startup_cms32m5xxx.o(RESET) refers to main.o(.text.NMI_Handler) for NMI_Handler
    startup_cms32m5xxx.o(RESET) refers to main.o(.text.HardFault_Handler) for HardFault_Handler
    startup_cms32m5xxx.o(RESET) refers to main.o(.text.SVC_Handler) for SVC_Handler
    startup_cms32m5xxx.o(RESET) refers to main.o(.text.PendSV_Handler) for PendSV_Handler
    startup_cms32m5xxx.o(RESET) refers to main.o(.text.SysTick_Handler) for SysTick_Handler
    startup_cms32m5xxx.o(RESET) refers to main.o(.text.GPIO0_IRQHandler) for GPIO0_IRQHandler
    startup_cms32m5xxx.o(RESET) refers to main.o(.text.GPIO1_IRQHandler) for GPIO1_IRQHandler
    startup_cms32m5xxx.o(RESET) refers to main.o(.text.GPIO2_IRQHandler) for GPIO2_IRQHandler
    startup_cms32m5xxx.o(RESET) refers to main.o(.text.GPIO3_IRQHandler) for GPIO3_IRQHandler
    startup_cms32m5xxx.o(RESET) refers to main.o(.text.GPIO4_IRQHandler) for GPIO4_IRQHandler
    startup_cms32m5xxx.o(RESET) refers to main.o(.text.CCP_IRQHandler) for CCP_IRQHandler
    startup_cms32m5xxx.o(RESET) refers to main.o(.text.ADC0_IRQHandler) for ADC0_IRQHandler
    startup_cms32m5xxx.o(RESET) refers to main.o(.text.WWDT_IRQHandler) for WWDT_IRQHandler
    startup_cms32m5xxx.o(RESET) refers to main.o(.text.EPWM_IRQHandler) for EPWM_IRQHandler
    startup_cms32m5xxx.o(RESET) refers to main.o(.text.ACMP_IRQHandler) for ACMP_IRQHandler
    startup_cms32m5xxx.o(RESET) refers to main.o(.text.UART0_IRQHandler) for UART0_IRQHandler
    startup_cms32m5xxx.o(RESET) refers to main.o(.text.UART1_IRQHandler) for UART1_IRQHandler
    startup_cms32m5xxx.o(RESET) refers to main.o(.text.WDT_IRQHandler) for WDT_IRQHandler
    startup_cms32m5xxx.o(RESET) refers to main.o(.text.I2C_IRQHandler) for I2C_IRQHandler
    startup_cms32m5xxx.o(.text) refers (Special) to heapauxi.o(.text) for __use_two_region_memory
    startup_cms32m5xxx.o(.text) refers to system_cms32m5xxx.o(.text.SystemInit) for SystemInit
    startup_cms32m5xxx.o(.text) refers to __main.o(!!!main) for __main
    startup_cms32m5xxx.o(.text) refers to startup_cms32m5xxx.o(HEAP) for Heap_Mem
    startup_cms32m5xxx.o(.text) refers to startup_cms32m5xxx.o(STACK) for Stack_Mem
    system_cms32m5xxx.o(.ARM.exidx.text.SystemInit) refers to system_cms32m5xxx.o(.text.SystemInit) for [Anonymous Symbol]
    system_cms32m5xxx.o(.text.SystemCoreClockUpdate) refers to aeabi_sdiv.o(.text) for __aeabi_uidiv
    system_cms32m5xxx.o(.text.SystemCoreClockUpdate) refers to system_cms32m5xxx.o(.data..L_MergedGlobals) for [Anonymous Symbol]
    system_cms32m5xxx.o(.ARM.exidx.text.SystemCoreClockUpdate) refers to system_cms32m5xxx.o(.text.SystemCoreClockUpdate) for [Anonymous Symbol]
    __main.o(!!!main) refers to __rtentry.o(.ARM.Collect$$rtentry$$00000000) for __rt_entry
    __rtentry.o(.ARM.Collect$$rtentry$$00000000) refers (Special) to __rtentry2.o(.ARM.Collect$$rtentry$$0000000A) for __rt_entry_li
    __rtentry.o(.ARM.Collect$$rtentry$$00000000) refers (Special) to __rtentry2.o(.ARM.Collect$$rtentry$$0000000D) for __rt_entry_main
    __rtentry.o(.ARM.Collect$$rtentry$$00000000) refers (Special) to __rtentry2.o(.ARM.Collect$$rtentry$$0000000C) for __rt_entry_postli_1
    __rtentry.o(.ARM.Collect$$rtentry$$00000000) refers (Special) to __rtentry2.o(.ARM.Collect$$rtentry$$00000009) for __rt_entry_postsh_1
    __rtentry.o(.ARM.Collect$$rtentry$$00000000) refers (Special) to __rtentry2.o(.ARM.Collect$$rtentry$$00000002) for __rt_entry_presh_1
    __rtentry.o(.ARM.Collect$$rtentry$$00000000) refers (Special) to __rtentry4.o(.ARM.Collect$$rtentry$$00000004) for __rt_entry_sh
    aeabi_idiv0_sigfpe.o(.text) refers to rt_div0.o(.text) for __rt_div0
    __rtentry2.o(.ARM.Collect$$rtentry$$00000008) refers to boardinit2.o(.text) for _platform_post_stackheap_init
    __rtentry2.o(.ARM.Collect$$rtentry$$0000000A) refers to libinit.o(.ARM.Collect$$libinit$$00000000) for __rt_lib_init
    __rtentry2.o(.ARM.Collect$$rtentry$$0000000B) refers to boardinit3.o(.text) for _platform_post_lib_init
    __rtentry2.o(.ARM.Collect$$rtentry$$0000000D) refers to main.o(.text.main) for main
    __rtentry2.o(.ARM.Collect$$rtentry$$0000000D) refers to exit.o(.text) for exit
    __rtentry2.o(.ARM.exidx) refers to __rtentry2.o(.ARM.Collect$$rtentry$$00000001) for .ARM.Collect$$rtentry$$00000001
    __rtentry2.o(.ARM.exidx) refers to __rtentry2.o(.ARM.Collect$$rtentry$$00000008) for .ARM.Collect$$rtentry$$00000008
    __rtentry2.o(.ARM.exidx) refers to __rtentry2.o(.ARM.Collect$$rtentry$$0000000A) for .ARM.Collect$$rtentry$$0000000A
    __rtentry2.o(.ARM.exidx) refers to __rtentry2.o(.ARM.Collect$$rtentry$$0000000B) for .ARM.Collect$$rtentry$$0000000B
    __rtentry2.o(.ARM.exidx) refers to __rtentry2.o(.ARM.Collect$$rtentry$$0000000D) for .ARM.Collect$$rtentry$$0000000D
    __rtentry4.o(.ARM.Collect$$rtentry$$00000004) refers to sys_stackheap_outer.o(.text) for __user_setup_stackheap
    __rtentry4.o(.ARM.exidx) refers to __rtentry4.o(.ARM.Collect$$rtentry$$00000004) for .ARM.Collect$$rtentry$$00000004
    rt_div0.o(.text) refers to defsig_fpe_outer.o(.text) for __rt_SIGFPE
    sys_stackheap_outer.o(.text) refers to libspace.o(.text) for __user_perproc_libspace
    sys_stackheap_outer.o(.text) refers to startup_cms32m5xxx.o(.text) for __user_initial_stackheap
    sys_stackheap_outer.o(__vectab_stack_and_reset_area) refers to tempstk.o(.text) for __temporary_stack_top
    sys_stackheap_outer.o(__vectab_stack_and_reset_area) refers to __main.o(!!!main) for __main
    exit.o(.text) refers to rtexit.o(.ARM.Collect$$rtexit$$00000000) for __rt_exit
    defsig_fpe_outer.o(.text) refers to defsig_fpe_inner.o(.text) for __rt_SIGFPE_inner
    defsig_fpe_outer.o(.text) refers to defsig_exit.o(.text) for __sig_exit
    defsig_fpe_formal.o(.text) refers to rt_raise.o(.text) for __rt_raise
    libinit.o(.ARM.Collect$$libinit$$00000000) refers (Special) to libinit2.o(.ARM.Collect$$libinit$$0000002E) for __rt_lib_init_alloca_1
    libinit.o(.ARM.Collect$$libinit$$00000000) refers (Special) to libinit2.o(.ARM.Collect$$libinit$$0000002C) for __rt_lib_init_argv_1
    libinit.o(.ARM.Collect$$libinit$$00000000) refers (Special) to libinit2.o(.ARM.Collect$$libinit$$0000001B) for __rt_lib_init_atexit_1
    libinit.o(.ARM.Collect$$libinit$$00000000) refers (Special) to libinit2.o(.ARM.Collect$$libinit$$00000021) for __rt_lib_init_clock_1
    libinit.o(.ARM.Collect$$libinit$$00000000) refers (Special) to libinit2.o(.ARM.Collect$$libinit$$00000032) for __rt_lib_init_cpp_1
    libinit.o(.ARM.Collect$$libinit$$00000000) refers (Special) to libinit2.o(.ARM.Collect$$libinit$$00000030) for __rt_lib_init_exceptions_1
    libinit.o(.ARM.Collect$$libinit$$00000000) refers (Special) to libinit2.o(.ARM.Collect$$libinit$$00000002) for __rt_lib_init_fp_1
    libinit.o(.ARM.Collect$$libinit$$00000000) refers (Special) to libinit2.o(.ARM.Collect$$libinit$$0000001F) for __rt_lib_init_fp_trap_1
    libinit.o(.ARM.Collect$$libinit$$00000000) refers (Special) to libinit2.o(.ARM.Collect$$libinit$$00000023) for __rt_lib_init_getenv_1
    libinit.o(.ARM.Collect$$libinit$$00000000) refers (Special) to libinit2.o(.ARM.Collect$$libinit$$0000000A) for __rt_lib_init_heap_1
    libinit.o(.ARM.Collect$$libinit$$00000000) refers (Special) to libinit2.o(.ARM.Collect$$libinit$$00000011) for __rt_lib_init_lc_collate_1
    libinit.o(.ARM.Collect$$libinit$$00000000) refers (Special) to libinit2.o(.ARM.Collect$$libinit$$00000013) for __rt_lib_init_lc_ctype_1
    libinit.o(.ARM.Collect$$libinit$$00000000) refers (Special) to libinit2.o(.ARM.Collect$$libinit$$00000015) for __rt_lib_init_lc_monetary_1
    libinit.o(.ARM.Collect$$libinit$$00000000) refers (Special) to libinit2.o(.ARM.Collect$$libinit$$00000017) for __rt_lib_init_lc_numeric_1
    libinit.o(.ARM.Collect$$libinit$$00000000) refers (Special) to libinit2.o(.ARM.Collect$$libinit$$00000019) for __rt_lib_init_lc_time_1
    libinit.o(.ARM.Collect$$libinit$$00000000) refers (Special) to libinit2.o(.ARM.Collect$$libinit$$00000004) for __rt_lib_init_preinit_1
    libinit.o(.ARM.Collect$$libinit$$00000000) refers (Special) to libinit2.o(.ARM.Collect$$libinit$$0000000E) for __rt_lib_init_rand_1
    libinit.o(.ARM.Collect$$libinit$$00000000) refers (Special) to libinit2.o(.ARM.Collect$$libinit$$00000033) for __rt_lib_init_return
    libinit.o(.ARM.Collect$$libinit$$00000000) refers (Special) to libinit2.o(.ARM.Collect$$libinit$$0000001D) for __rt_lib_init_signal_1
    libinit.o(.ARM.Collect$$libinit$$00000000) refers (Special) to libinit2.o(.ARM.Collect$$libinit$$00000025) for __rt_lib_init_stdio_1
    libinit.o(.ARM.Collect$$libinit$$00000000) refers (Special) to libinit2.o(.ARM.Collect$$libinit$$0000000C) for __rt_lib_init_user_alloc_1
    libspace.o(.text) refers to libspace.o(.bss) for __libspace_start
    rtexit.o(.ARM.Collect$$rtexit$$00000000) refers (Special) to rtexit2.o(.ARM.Collect$$rtexit$$00000004) for __rt_exit_exit
    rtexit.o(.ARM.Collect$$rtexit$$00000000) refers (Special) to rtexit2.o(.ARM.Collect$$rtexit$$00000003) for __rt_exit_ls
    rtexit.o(.ARM.Collect$$rtexit$$00000000) refers (Special) to rtexit2.o(.ARM.Collect$$rtexit$$00000002) for __rt_exit_prels_1
    rtexit.o(.ARM.exidx) refers (Special) to rtexit2.o(.ARM.Collect$$rtexit$$00000004) for __rt_exit_exit
    rtexit.o(.ARM.exidx) refers (Special) to rtexit2.o(.ARM.Collect$$rtexit$$00000003) for __rt_exit_ls
    rtexit.o(.ARM.exidx) refers (Special) to rtexit2.o(.ARM.Collect$$rtexit$$00000002) for __rt_exit_prels_1
    rtexit.o(.ARM.exidx) refers to rtexit.o(.ARM.Collect$$rtexit$$00000000) for .ARM.Collect$$rtexit$$00000000
    rt_raise.o(.text) refers to __raise.o(.text) for __raise
    rt_raise.o(.text) refers to sys_exit.o(.text) for _sys_exit
    defsig_exit.o(.text) refers to sys_exit.o(.text) for _sys_exit
    defsig_fpe_inner.o(.text) refers to defsig_general.o(.text) for __default_signal_display
    libinit2.o(.ARM.Collect$$libinit$$00000010) refers to libinit2.o(.ARM.Collect$$libinit$$0000000F) for .ARM.Collect$$libinit$$0000000F
    libinit2.o(.ARM.Collect$$libinit$$00000012) refers to libinit2.o(.ARM.Collect$$libinit$$0000000F) for .ARM.Collect$$libinit$$0000000F
    libinit2.o(.ARM.Collect$$libinit$$00000014) refers to libinit2.o(.ARM.Collect$$libinit$$0000000F) for .ARM.Collect$$libinit$$0000000F
    libinit2.o(.ARM.Collect$$libinit$$00000016) refers to libinit2.o(.ARM.Collect$$libinit$$0000000F) for .ARM.Collect$$libinit$$0000000F
    libinit2.o(.ARM.Collect$$libinit$$00000018) refers to libinit2.o(.ARM.Collect$$libinit$$0000000F) for .ARM.Collect$$libinit$$0000000F
    libinit2.o(.ARM.Collect$$libinit$$00000026) refers to argv_veneer.o(.text) for __ARM_argv_veneer
    libinit2.o(.ARM.Collect$$libinit$$00000027) refers to argv_veneer.o(.text) for __ARM_argv_veneer
    sys_exit.o(.text) refers (Special) to use_no_semi.o(.text) for __I$use$semihosting
    sys_exit.o(.text) refers (Special) to indicate_semi.o(.text) for __semihosting_library_function
    sys_exit_hlt.o(.text) refers (Special) to use_no_semi.o(.text) for __I$use$semihosting
    sys_exit_hlt.o(.text) refers (Special) to indicate_semi.o(.text) for __semihosting_library_function
    rtexit2.o(.ARM.Collect$$rtexit$$00000003) refers to libshutdown.o(.ARM.Collect$$libshutdown$$00000000) for __rt_lib_shutdown
    rtexit2.o(.ARM.Collect$$rtexit$$00000004) refers to sys_exit.o(.text) for _sys_exit
    rtexit2.o(.ARM.exidx) refers to rtexit2.o(.ARM.Collect$$rtexit$$00000001) for .ARM.Collect$$rtexit$$00000001
    rtexit2.o(.ARM.exidx) refers to rtexit2.o(.ARM.Collect$$rtexit$$00000003) for .ARM.Collect$$rtexit$$00000003
    rtexit2.o(.ARM.exidx) refers to rtexit2.o(.ARM.Collect$$rtexit$$00000004) for .ARM.Collect$$rtexit$$00000004
    __raise.o(.text) refers to defsig.o(CL$$defsig) for __default_signal_handler
    defsig_general.o(.text) refers to sys_wrch.o(.text) for _ttywrch
    sys_wrch.o(.text) refers (Special) to use_no_semi.o(.text) for __I$use$semihosting
    sys_wrch.o(.text) refers (Special) to indicate_semi.o(.text) for __semihosting_library_function
    sys_wrch_hlt.o(.text) refers (Special) to use_no_semi.o(.text) for __I$use$semihosting
    sys_wrch_hlt.o(.text) refers (Special) to indicate_semi.o(.text) for __semihosting_library_function
    defsig.o(CL$$defsig) refers to defsig_fpe_inner.o(.text) for __rt_SIGFPE_inner
    defsig.o(CL$$defsig) refers to defsig_rtmem_inner.o(.text) for __rt_SIGRTMEM_inner
    _get_argv_nomalloc.o(.text) refers (Special) to hrguard.o(.text) for __heap_region$guard
    _get_argv_nomalloc.o(.text) refers to defsig_rtmem_outer.o(.text) for __rt_SIGRTMEM
    _get_argv_nomalloc.o(.text) refers to sys_command.o(.text) for _sys_command_string
    libshutdown.o(.ARM.Collect$$libshutdown$$00000000) refers (Special) to libshutdown2.o(.ARM.Collect$$libshutdown$$00000002) for __rt_lib_shutdown_cpp_1
    libshutdown.o(.ARM.Collect$$libshutdown$$00000000) refers (Special) to libshutdown2.o(.ARM.Collect$$libshutdown$$00000007) for __rt_lib_shutdown_fp_trap_1
    libshutdown.o(.ARM.Collect$$libshutdown$$00000000) refers (Special) to libshutdown2.o(.ARM.Collect$$libshutdown$$0000000F) for __rt_lib_shutdown_heap_1
    libshutdown.o(.ARM.Collect$$libshutdown$$00000000) refers (Special) to libshutdown2.o(.ARM.Collect$$libshutdown$$00000010) for __rt_lib_shutdown_return
    libshutdown.o(.ARM.Collect$$libshutdown$$00000000) refers (Special) to libshutdown2.o(.ARM.Collect$$libshutdown$$0000000A) for __rt_lib_shutdown_signal_1
    libshutdown.o(.ARM.Collect$$libshutdown$$00000000) refers (Special) to libshutdown2.o(.ARM.Collect$$libshutdown$$00000004) for __rt_lib_shutdown_stdio_1
    libshutdown.o(.ARM.Collect$$libshutdown$$00000000) refers (Special) to libshutdown2.o(.ARM.Collect$$libshutdown$$0000000C) for __rt_lib_shutdown_user_alloc_1
    sys_command.o(.text) refers (Special) to use_no_semi.o(.text) for __I$use$semihosting
    sys_command.o(.text) refers (Special) to indicate_semi.o(.text) for __semihosting_library_function
    sys_command_hlt.o(.text) refers (Special) to use_no_semi.o(.text) for __I$use$semihosting
    sys_command_hlt.o(.text) refers (Special) to indicate_semi.o(.text) for __semihosting_library_function
    defsig_abrt_inner.o(.text) refers to defsig_general.o(.text) for __default_signal_display
    defsig_rtred_inner.o(.text) refers to defsig_general.o(.text) for __default_signal_display
    defsig_rtmem_inner.o(.text) refers to defsig_general.o(.text) for __default_signal_display
    defsig_rtmem_outer.o(.text) refers to defsig_rtmem_inner.o(.text) for __rt_SIGRTMEM_inner
    defsig_rtmem_outer.o(.text) refers to defsig_exit.o(.text) for __sig_exit
    defsig_rtmem_formal.o(.text) refers to rt_raise.o(.text) for __rt_raise
    defsig_stak_inner.o(.text) refers to defsig_general.o(.text) for __default_signal_display
    defsig_pvfn_inner.o(.text) refers to defsig_general.o(.text) for __default_signal_display
    defsig_cppl_inner.o(.text) refers to defsig_general.o(.text) for __default_signal_display
    defsig_segv_inner.o(.text) refers to defsig_general.o(.text) for __default_signal_display
    defsig_other.o(.text) refers to defsig_general.o(.text) for __default_signal_display


==============================================================================

Removing Unused input sections from the image.

    Removing main.o(.text), (0 bytes).
    Removing main.o(.ARM.exidx.text.main), (8 bytes).
    Removing main.o(.ARM.exidx.text.NMI_Handler), (8 bytes).
    Removing main.o(.ARM.exidx.text.HardFault_Handler), (8 bytes).
    Removing main.o(.ARM.exidx.text.SVC_Handler), (8 bytes).
    Removing main.o(.ARM.exidx.text.PendSV_Handler), (8 bytes).
    Removing main.o(.ARM.exidx.text.SysTick_Handler), (8 bytes).
    Removing main.o(.ARM.exidx.text.GPIO0_IRQHandler), (8 bytes).
    Removing main.o(.ARM.exidx.text.GPIO1_IRQHandler), (8 bytes).
    Removing main.o(.ARM.exidx.text.GPIO2_IRQHandler), (8 bytes).
    Removing main.o(.ARM.exidx.text.GPIO3_IRQHandler), (8 bytes).
    Removing main.o(.ARM.exidx.text.GPIO4_IRQHandler), (8 bytes).
    Removing main.o(.text.GPIO5_IRQHandler), (16 bytes).
    Removing main.o(.ARM.exidx.text.GPIO5_IRQHandler), (8 bytes).
    Removing main.o(.ARM.exidx.text.CCP_IRQHandler), (8 bytes).
    Removing main.o(.ARM.exidx.text.ADC0_IRQHandler), (8 bytes).
    Removing main.o(.ARM.exidx.text.WWDT_IRQHandler), (8 bytes).
    Removing main.o(.ARM.exidx.text.EPWM_IRQHandler), (8 bytes).
    Removing main.o(.text.ADCB_IRQHandler), (16 bytes).
    Removing main.o(.ARM.exidx.text.ADCB_IRQHandler), (8 bytes).
    Removing main.o(.ARM.exidx.text.ACMP_IRQHandler), (8 bytes).
    Removing main.o(.ARM.exidx.text.UART0_IRQHandler), (8 bytes).
    Removing main.o(.ARM.exidx.text.UART1_IRQHandler), (8 bytes).
    Removing main.o(.text.TIMER0_IRQHandler), (16 bytes).
    Removing main.o(.ARM.exidx.text.TIMER0_IRQHandler), (8 bytes).
    Removing main.o(.text.TIMER1_IRQHandler), (16 bytes).
    Removing main.o(.ARM.exidx.text.TIMER1_IRQHandler), (8 bytes).
    Removing main.o(.text.TIMER2_IRQHandler), (16 bytes).
    Removing main.o(.ARM.exidx.text.TIMER2_IRQHandler), (8 bytes).
    Removing main.o(.text.TIMER3_IRQHandler), (16 bytes).
    Removing main.o(.ARM.exidx.text.TIMER3_IRQHandler), (8 bytes).
    Removing main.o(.ARM.exidx.text.WDT_IRQHandler), (8 bytes).
    Removing main.o(.ARM.exidx.text.I2C_IRQHandler), (8 bytes).
    Removing main.o(.text.SSP_IRQHandler), (16 bytes).
    Removing main.o(.ARM.exidx.text.SSP_IRQHandler), (8 bytes).
    Removing main.o(.text.SYS_CHK_IRQHandler), (16 bytes).
    Removing main.o(.ARM.exidx.text.SYS_CHK_IRQHandler), (8 bytes).
    Removing main.o(.bss.Address), (4 bytes).
    Removing main.o(.bss.g_FEE_Buffer), (512 bytes).
    Removing main.o(.bss.Read_Data), (4 bytes).
    Removing main.o(.bss.Data), (4 bytes).
    Removing main.o(.ARM.use_no_argv), (4 bytes).
    Removing mcu_config.o(.text), (0 bytes).
    Removing mcu_config.o(.ARM.exidx.text.BSP_MCU_Config), (8 bytes).
    Removing mcu_config.o(.ARM.exidx.text.BSP_GPIOConfig), (8 bytes).
    Removing mcu_config.o(.ARM.exidx.text.BSP_UART1Config), (8 bytes).
    Removing mcu_config.o(.text.BSP_TMR0Config), (24 bytes).
    Removing mcu_config.o(.ARM.exidx.text.BSP_TMR0Config), (8 bytes).
    Removing mcu_config.o(.text.getChar), (76 bytes).
    Removing mcu_config.o(.ARM.exidx.text.getChar), (8 bytes).
    Removing mcu_config.o(.text.xmitchar), (60 bytes).
    Removing mcu_config.o(.ARM.exidx.text.xmitchar), (8 bytes).
    Removing mcu_config.o(.text.BSP_Delay_Us), (32 bytes).
    Removing mcu_config.o(.ARM.exidx.text.BSP_Delay_Us), (8 bytes).
    Removing mcu_config.o(.ARM.exidx.text.BSP_Delay_Ms), (8 bytes).
    Removing cm_handler.o(.text), (0 bytes).
    Removing cm_handler.o(.text.Set_Address), (34 bytes).
    Removing cm_handler.o(.ARM.exidx.text.Set_Address), (8 bytes).
    Removing cm_handler.o(.text.Cmd_Read_EEPROM), (52 bytes).
    Removing cm_handler.o(.ARM.exidx.text.Cmd_Read_EEPROM), (8 bytes).
    Removing cm_handler.o(.text.Cmd_Load_EEPROM), (236 bytes).
    Removing cm_handler.o(.ARM.exidx.text.Cmd_Load_EEPROM), (8 bytes).
    Removing cm_handler.o(.text.FEE_Write), (92 bytes).
    Removing cm_handler.o(.ARM.exidx.text.FEE_Write), (8 bytes).
    Removing cm_handler.o(.text.Read_Version_Info), (172 bytes).
    Removing cm_handler.o(.ARM.exidx.text.Read_Version_Info), (8 bytes).
    Removing cm_handler.o(.text.Read_Flash_Page), (132 bytes).
    Removing cm_handler.o(.ARM.exidx.text.Read_Flash_Page), (8 bytes).
    Removing cm_handler.o(.text.Load_Flash_Page), (176 bytes).
    Removing cm_handler.o(.ARM.exidx.text.Load_Flash_Page), (8 bytes).
    Removing cm_handler.o(.text.FEE_Read), (196 bytes).
    Removing cm_handler.o(.ARM.exidx.text.FEE_Read), (8 bytes).
    Removing cm_handler.o(.bss.bank_state), (1 bytes).
    Removing user_fmc.o(.text), (0 bytes).
    Removing user_fmc.o(.text.FMC_Write_Data), (80 bytes).
    Removing user_fmc.o(.ARM.exidx.text.FMC_Write_Data), (8 bytes).
    Removing user_fmc.o(.text.FMC_Read_Data), (48 bytes).
    Removing user_fmc.o(.ARM.exidx.text.FMC_Read_Data), (8 bytes).
    Removing user_fmc.o(.ARM.exidx.text.FMC_Read_Array), (8 bytes).
    Removing user_fmc.o(.ARM.exidx.text.FMC_Write_Array), (8 bytes).
    Removing user_fmc.o(.text.Erase_Flash_Page), (44 bytes).
    Removing user_fmc.o(.ARM.exidx.text.Erase_Flash_Page), (8 bytes).
    Removing system_cms32m5xxx.o(.text), (0 bytes).
    Removing system_cms32m5xxx.o(.ARM.exidx.text.SystemInit), (8 bytes).
    Removing system_cms32m5xxx.o(.text.SystemCoreClockUpdate), (88 bytes).
    Removing system_cms32m5xxx.o(.ARM.exidx.text.SystemCoreClockUpdate), (8 bytes).
    Removing system_cms32m5xxx.o(.bss.CyclesPerUs), (4 bytes).
    Removing system_cms32m5xxx.o(.data..L_MergedGlobals), (24 bytes).

88 unused section(s) (total 2635 bytes) removed from the image.

==============================================================================

Image Symbol Table

    Local Symbols

    Symbol Name                              Value     Ov Type        Size  Object(Section)

    RESET                                    0x00000000   Section      192  startup_cms32m5xxx.o(RESET)
    ../clib/angel/boardlib.s                 0x00000000   Number         0  boardinit3.o ABSOLUTE
    ../clib/angel/boardlib.s                 0x00000000   Number         0  boardinit2.o ABSOLUTE
    ../clib/angel/boardlib.s                 0x00000000   Number         0  boardinit1.o ABSOLUTE
    ../clib/angel/boardlib.s                 0x00000000   Number         0  boardshut.o ABSOLUTE
    ../clib/angel/handlers.s                 0x00000000   Number         0  __scatter_zi.o ABSOLUTE
    ../clib/angel/kernel.s                   0x00000000   Number         0  rtexit.o ABSOLUTE
    ../clib/angel/kernel.s                   0x00000000   Number         0  __rtentry4.o ABSOLUTE
    ../clib/angel/kernel.s                   0x00000000   Number         0  __rtentry2.o ABSOLUTE
    ../clib/angel/kernel.s                   0x00000000   Number         0  __rtentry.o ABSOLUTE
    ../clib/angel/kernel.s                   0x00000000   Number         0  rtexit2.o ABSOLUTE
    ../clib/angel/rt.s                       0x00000000   Number         0  aeabi_idiv0.o ABSOLUTE
    ../clib/angel/rt.s                       0x00000000   Number         0  rt_raise.o ABSOLUTE
    ../clib/angel/rt.s                       0x00000000   Number         0  rt_div0.o ABSOLUTE
    ../clib/angel/rt.s                       0x00000000   Number         0  aeabi_idiv0_sigfpe.o ABSOLUTE
    ../clib/angel/scatterp.s                 0x00000000   Number         0  __scatter.o ABSOLUTE
    ../clib/angel/startup.s                  0x00000000   Number         0  __main.o ABSOLUTE
    ../clib/angel/sys.s                      0x00000000   Number         0  tempstk.o ABSOLUTE
    ../clib/angel/sys.s                      0x00000000   Number         0  libspace.o ABSOLUTE
    ../clib/angel/sys.s                      0x00000000   Number         0  indicate_semi.o ABSOLUTE
    ../clib/angel/sys.s                      0x00000000   Number         0  sys_stackheap_outer.o ABSOLUTE
    ../clib/angel/sys.s                      0x00000000   Number         0  use_no_semi.o ABSOLUTE
    ../clib/angel/sysapp.c                   0x00000000   Number         0  sys_command.o ABSOLUTE
    ../clib/angel/sysapp.c                   0x00000000   Number         0  sys_exit.o ABSOLUTE
    ../clib/angel/sysapp.c                   0x00000000   Number         0  sys_wrch_hlt.o ABSOLUTE
    ../clib/angel/sysapp.c                   0x00000000   Number         0  sys_wrch.o ABSOLUTE
    ../clib/angel/sysapp.c                   0x00000000   Number         0  sys_exit_hlt.o ABSOLUTE
    ../clib/angel/sysapp.c                   0x00000000   Number         0  sys_command_hlt.o ABSOLUTE
    ../clib/armsys.c                         0x00000000   Number         0  _get_argv_nomalloc.o ABSOLUTE
    ../clib/armsys.c                         0x00000000   Number         0  argv_veneer.o ABSOLUTE
    ../clib/armsys.c                         0x00000000   Number         0  no_argv.o ABSOLUTE
    ../clib/division.s                       0x00000000   Number         0  aeabi_sdiv_div0.o ABSOLUTE
    ../clib/division.s                       0x00000000   Number         0  aeabi_sdiv.o ABSOLUTE
    ../clib/heapalloc.c                      0x00000000   Number         0  hrguard.o ABSOLUTE
    ../clib/heapaux.c                        0x00000000   Number         0  heapauxi.o ABSOLUTE
    ../clib/libinit.s                        0x00000000   Number         0  libinit2.o ABSOLUTE
    ../clib/libinit.s                        0x00000000   Number         0  libshutdown2.o ABSOLUTE
    ../clib/libinit.s                        0x00000000   Number         0  libshutdown.o ABSOLUTE
    ../clib/libinit.s                        0x00000000   Number         0  libinit.o ABSOLUTE
    ../clib/signal.c                         0x00000000   Number         0  defsig_rtmem_inner.o ABSOLUTE
    ../clib/signal.c                         0x00000000   Number         0  defsig_rtred_inner.o ABSOLUTE
    ../clib/signal.c                         0x00000000   Number         0  defsig_fpe_formal.o ABSOLUTE
    ../clib/signal.c                         0x00000000   Number         0  defsig_fpe_outer.o ABSOLUTE
    ../clib/signal.c                         0x00000000   Number         0  defsig_segv_inner.o ABSOLUTE
    ../clib/signal.c                         0x00000000   Number         0  defsig_other.o ABSOLUTE
    ../clib/signal.c                         0x00000000   Number         0  defsig_abrt_inner.o ABSOLUTE
    ../clib/signal.c                         0x00000000   Number         0  defsig_cppl_inner.o ABSOLUTE
    ../clib/signal.c                         0x00000000   Number         0  defsig_pvfn_inner.o ABSOLUTE
    ../clib/signal.c                         0x00000000   Number         0  defsig_general.o ABSOLUTE
    ../clib/signal.c                         0x00000000   Number         0  __raise.o ABSOLUTE
    ../clib/signal.c                         0x00000000   Number         0  defsig_stak_inner.o ABSOLUTE
    ../clib/signal.c                         0x00000000   Number         0  defsig_rtmem_formal.o ABSOLUTE
    ../clib/signal.c                         0x00000000   Number         0  defsig_rtmem_outer.o ABSOLUTE
    ../clib/signal.c                         0x00000000   Number         0  defsig_fpe_inner.o ABSOLUTE
    ../clib/signal.c                         0x00000000   Number         0  defsig_exit.o ABSOLUTE
    ../clib/signal.s                         0x00000000   Number         0  defsig.o ABSOLUTE
    ../clib/stdlib.c                         0x00000000   Number         0  exit.o ABSOLUTE
    ../fplib/cfplib/fpinit.c                 0x00000000   Number         0  fpinit.o ABSOLUTE
    1_Device\startup_cms32m5xxx.s            0x00000000   Number         0  startup_cms32m5xxx.o ABSOLUTE
    cm_handler.c                             0x00000000   Number         0  cm_handler.o ABSOLUTE
    dc.s                                     0x00000000   Number         0  dc.o ABSOLUTE
    main.c                                   0x00000000   Number         0  main.o ABSOLUTE
    mcu_config.c                             0x00000000   Number         0  mcu_config.o ABSOLUTE
    system_cms32m5xxx.c                      0x00000000   Number         0  system_cms32m5xxx.o ABSOLUTE
    user_fmc.c                               0x00000000   Number         0  user_fmc.o ABSOLUTE
    !!!main                                  0x000000c0   Section        8  __main.o(!!!main)
    !!!scatter                               0x000000c8   Section       60  __scatter.o(!!!scatter)
    !!handler_zi                             0x00000104   Section       28  __scatter_zi.o(!!handler_zi)
    .ARM.Collect$$libinit$$00000000          0x00000120   Section        2  libinit.o(.ARM.Collect$$libinit$$00000000)
    .ARM.Collect$$libinit$$00000002          0x00000122   Section        0  libinit2.o(.ARM.Collect$$libinit$$00000002)
    .ARM.Collect$$libinit$$00000004          0x00000122   Section        0  libinit2.o(.ARM.Collect$$libinit$$00000004)
    .ARM.Collect$$libinit$$0000000A          0x00000122   Section        0  libinit2.o(.ARM.Collect$$libinit$$0000000A)
    .ARM.Collect$$libinit$$0000000C          0x00000122   Section        0  libinit2.o(.ARM.Collect$$libinit$$0000000C)
    .ARM.Collect$$libinit$$0000000E          0x00000122   Section        0  libinit2.o(.ARM.Collect$$libinit$$0000000E)
    .ARM.Collect$$libinit$$00000011          0x00000122   Section        0  libinit2.o(.ARM.Collect$$libinit$$00000011)
    .ARM.Collect$$libinit$$00000013          0x00000122   Section        0  libinit2.o(.ARM.Collect$$libinit$$00000013)
    .ARM.Collect$$libinit$$00000015          0x00000122   Section        0  libinit2.o(.ARM.Collect$$libinit$$00000015)
    .ARM.Collect$$libinit$$00000017          0x00000122   Section        0  libinit2.o(.ARM.Collect$$libinit$$00000017)
    .ARM.Collect$$libinit$$00000019          0x00000122   Section        0  libinit2.o(.ARM.Collect$$libinit$$00000019)
    .ARM.Collect$$libinit$$0000001B          0x00000122   Section        0  libinit2.o(.ARM.Collect$$libinit$$0000001B)
    .ARM.Collect$$libinit$$0000001D          0x00000122   Section        0  libinit2.o(.ARM.Collect$$libinit$$0000001D)
    .ARM.Collect$$libinit$$0000001F          0x00000122   Section        0  libinit2.o(.ARM.Collect$$libinit$$0000001F)
    .ARM.Collect$$libinit$$00000021          0x00000122   Section        0  libinit2.o(.ARM.Collect$$libinit$$00000021)
    .ARM.Collect$$libinit$$00000023          0x00000122   Section        0  libinit2.o(.ARM.Collect$$libinit$$00000023)
    .ARM.Collect$$libinit$$00000025          0x00000122   Section        0  libinit2.o(.ARM.Collect$$libinit$$00000025)
    .ARM.Collect$$libinit$$0000002C          0x00000122   Section        0  libinit2.o(.ARM.Collect$$libinit$$0000002C)
    .ARM.Collect$$libinit$$0000002E          0x00000122   Section        0  libinit2.o(.ARM.Collect$$libinit$$0000002E)
    .ARM.Collect$$libinit$$00000030          0x00000122   Section        0  libinit2.o(.ARM.Collect$$libinit$$00000030)
    .ARM.Collect$$libinit$$00000032          0x00000122   Section        0  libinit2.o(.ARM.Collect$$libinit$$00000032)
    .ARM.Collect$$libinit$$00000033          0x00000122   Section        2  libinit2.o(.ARM.Collect$$libinit$$00000033)
    .ARM.Collect$$libshutdown$$00000000      0x00000124   Section        2  libshutdown.o(.ARM.Collect$$libshutdown$$00000000)
    .ARM.Collect$$libshutdown$$00000002      0x00000126   Section        0  libshutdown2.o(.ARM.Collect$$libshutdown$$00000002)
    .ARM.Collect$$libshutdown$$00000004      0x00000126   Section        0  libshutdown2.o(.ARM.Collect$$libshutdown$$00000004)
    .ARM.Collect$$libshutdown$$00000007      0x00000126   Section        0  libshutdown2.o(.ARM.Collect$$libshutdown$$00000007)
    .ARM.Collect$$libshutdown$$0000000A      0x00000126   Section        0  libshutdown2.o(.ARM.Collect$$libshutdown$$0000000A)
    .ARM.Collect$$libshutdown$$0000000C      0x00000126   Section        0  libshutdown2.o(.ARM.Collect$$libshutdown$$0000000C)
    .ARM.Collect$$libshutdown$$0000000F      0x00000126   Section        0  libshutdown2.o(.ARM.Collect$$libshutdown$$0000000F)
    .ARM.Collect$$libshutdown$$00000010      0x00000126   Section        2  libshutdown2.o(.ARM.Collect$$libshutdown$$00000010)
    .ARM.Collect$$rtentry$$00000000          0x00000128   Section        0  __rtentry.o(.ARM.Collect$$rtentry$$00000000)
    .ARM.Collect$$rtentry$$00000002          0x00000128   Section        0  __rtentry2.o(.ARM.Collect$$rtentry$$00000002)
    .ARM.Collect$$rtentry$$00000004          0x00000128   Section        6  __rtentry4.o(.ARM.Collect$$rtentry$$00000004)
    .ARM.Collect$$rtentry$$00000009          0x0000012e   Section        0  __rtentry2.o(.ARM.Collect$$rtentry$$00000009)
    .ARM.Collect$$rtentry$$0000000A          0x0000012e   Section        4  __rtentry2.o(.ARM.Collect$$rtentry$$0000000A)
    .ARM.Collect$$rtentry$$0000000C          0x00000132   Section        0  __rtentry2.o(.ARM.Collect$$rtentry$$0000000C)
    .ARM.Collect$$rtentry$$0000000D          0x00000132   Section        8  __rtentry2.o(.ARM.Collect$$rtentry$$0000000D)
    .ARM.Collect$$rtexit$$00000000           0x0000013a   Section        2  rtexit.o(.ARM.Collect$$rtexit$$00000000)
    .ARM.Collect$$rtexit$$00000002           0x0000013c   Section        0  rtexit2.o(.ARM.Collect$$rtexit$$00000002)
    .ARM.Collect$$rtexit$$00000003           0x0000013c   Section        4  rtexit2.o(.ARM.Collect$$rtexit$$00000003)
    .ARM.Collect$$rtexit$$00000004           0x00000140   Section        6  rtexit2.o(.ARM.Collect$$rtexit$$00000004)
    .text                                    0x00000148   Section       52  startup_cms32m5xxx.o(.text)
    Default_Handler                          0x0000015b   Thumb Code     2  startup_cms32m5xxx.o(.text)
    .text                                    0x0000017c   Section        0  heapauxi.o(.text)
    .text                                    0x00000182   Section       62  sys_stackheap_outer.o(.text)
    .text                                    0x000001c0   Section        0  exit.o(.text)
    .text                                    0x000001d0   Section        8  libspace.o(.text)
    .text                                    0x000001d8   Section        0  sys_exit.o(.text)
    .text                                    0x000001e4   Section        2  use_no_semi.o(.text)
    .text                                    0x000001e6   Section        0  indicate_semi.o(.text)
    [Anonymous Symbol]                       0x000001e8   Section        0  main.o(.text.ACMP_IRQHandler)
    __arm_cp.17_0                            0x000001f4   Number         4  main.o(.text.ACMP_IRQHandler)
    [Anonymous Symbol]                       0x000001f8   Section        0  main.o(.text.ADC0_IRQHandler)
    __arm_cp.13_0                            0x00000204   Number         4  main.o(.text.ADC0_IRQHandler)
    [Anonymous Symbol]                       0x00000208   Section        0  mcu_config.o(.text.BSP_Delay_Ms)
    __arm_cp.7_0                             0x00000230   Number         4  mcu_config.o(.text.BSP_Delay_Ms)
    [Anonymous Symbol]                       0x00000234   Section        0  mcu_config.o(.text.BSP_GPIOConfig)
    __arm_cp.1_0                             0x000002a8   Number         4  mcu_config.o(.text.BSP_GPIOConfig)
    __arm_cp.1_1                             0x000002ac   Number         4  mcu_config.o(.text.BSP_GPIOConfig)
    __arm_cp.1_2                             0x000002b0   Number         4  mcu_config.o(.text.BSP_GPIOConfig)
    __arm_cp.1_3                             0x000002b4   Number         4  mcu_config.o(.text.BSP_GPIOConfig)
    [Anonymous Symbol]                       0x000002b8   Section        0  mcu_config.o(.text.BSP_MCU_Config)
    __arm_cp.0_0                             0x000002fc   Number         4  mcu_config.o(.text.BSP_MCU_Config)
    __arm_cp.0_1                             0x00000300   Number         4  mcu_config.o(.text.BSP_MCU_Config)
    __arm_cp.0_2                             0x00000304   Number         4  mcu_config.o(.text.BSP_MCU_Config)
    __arm_cp.0_4                             0x00000308   Number         4  mcu_config.o(.text.BSP_MCU_Config)
    [Anonymous Symbol]                       0x0000030c   Section        0  mcu_config.o(.text.BSP_UART1Config)
    __arm_cp.2_0                             0x00000340   Number         4  mcu_config.o(.text.BSP_UART1Config)
    __arm_cp.2_1                             0x00000344   Number         4  mcu_config.o(.text.BSP_UART1Config)
    __arm_cp.2_2                             0x00000348   Number         4  mcu_config.o(.text.BSP_UART1Config)
    [Anonymous Symbol]                       0x0000034c   Section        0  main.o(.text.CCP_IRQHandler)
    __arm_cp.12_0                            0x00000358   Number         4  main.o(.text.CCP_IRQHandler)
    [Anonymous Symbol]                       0x0000035c   Section        0  main.o(.text.EPWM_IRQHandler)
    __arm_cp.15_0                            0x00000368   Number         4  main.o(.text.EPWM_IRQHandler)
    [Anonymous Symbol]                       0x0000036c   Section        0  user_fmc.o(.text.FMC_Read_Array)
    [Anonymous Symbol]                       0x000003c4   Section        0  user_fmc.o(.text.FMC_Write_Array)
    __arm_cp.3_0                             0x00000444   Number         4  user_fmc.o(.text.FMC_Write_Array)
    [Anonymous Symbol]                       0x00000448   Section        0  main.o(.text.GPIO0_IRQHandler)
    [Anonymous Symbol]                       0x00000454   Section        0  main.o(.text.GPIO1_IRQHandler)
    __arm_cp.7_0                             0x00000460   Number         4  main.o(.text.GPIO1_IRQHandler)
    [Anonymous Symbol]                       0x00000464   Section        0  main.o(.text.GPIO2_IRQHandler)
    __arm_cp.8_0                             0x00000470   Number         4  main.o(.text.GPIO2_IRQHandler)
    [Anonymous Symbol]                       0x00000474   Section        0  main.o(.text.GPIO3_IRQHandler)
    __arm_cp.9_0                             0x00000480   Number         4  main.o(.text.GPIO3_IRQHandler)
    [Anonymous Symbol]                       0x00000484   Section        0  main.o(.text.GPIO4_IRQHandler)
    __arm_cp.10_0                            0x00000490   Number         4  main.o(.text.GPIO4_IRQHandler)
    [Anonymous Symbol]                       0x00000494   Section        0  main.o(.text.HardFault_Handler)
    __arm_cp.2_0                             0x000004a0   Number         4  main.o(.text.HardFault_Handler)
    [Anonymous Symbol]                       0x000004a4   Section        0  main.o(.text.I2C_IRQHandler)
    [Anonymous Symbol]                       0x000004b0   Section        0  main.o(.text.NMI_Handler)
    __arm_cp.1_0                             0x000004bc   Number         4  main.o(.text.NMI_Handler)
    [Anonymous Symbol]                       0x000004c0   Section        0  main.o(.text.PendSV_Handler)
    __arm_cp.4_0                             0x000004cc   Number         4  main.o(.text.PendSV_Handler)
    [Anonymous Symbol]                       0x000004d0   Section        0  main.o(.text.SVC_Handler)
    __arm_cp.3_0                             0x000004dc   Number         4  main.o(.text.SVC_Handler)
    [Anonymous Symbol]                       0x000004e0   Section        0  main.o(.text.SysTick_Handler)
    __arm_cp.5_0                             0x000004ec   Number         4  main.o(.text.SysTick_Handler)
    [Anonymous Symbol]                       0x000004f0   Section        0  system_cms32m5xxx.o(.text.SystemInit)
    [Anonymous Symbol]                       0x000004f4   Section        0  main.o(.text.UART0_IRQHandler)
    __arm_cp.18_0                            0x00000500   Number         4  main.o(.text.UART0_IRQHandler)
    [Anonymous Symbol]                       0x00000504   Section        0  main.o(.text.UART1_IRQHandler)
    [Anonymous Symbol]                       0x00000510   Section        0  main.o(.text.WDT_IRQHandler)
    __arm_cp.24_0                            0x0000051c   Number         4  main.o(.text.WDT_IRQHandler)
    [Anonymous Symbol]                       0x00000520   Section        0  main.o(.text.WWDT_IRQHandler)
    __arm_cp.14_0                            0x0000052c   Number         4  main.o(.text.WWDT_IRQHandler)
    [Anonymous Symbol]                       0x00000530   Section        0  main.o(.text.main)
    __arm_cp.0_0                             0x000005d8   Number         4  main.o(.text.main)
    __arm_cp.0_1                             0x000005dc   Number         4  main.o(.text.main)
    __arm_cp.0_2                             0x000005e0   Number         4  main.o(.text.main)
    __arm_cp.0_3                             0x000005e4   Number         4  main.o(.text.main)
    __arm_cp.0_4                             0x000005e8   Number         4  main.o(.text.main)
    .bss                                     0x20000000   Section       96  libspace.o(.bss)
    [Anonymous Symbol]                       0x20000060   Section        0  main.o(.bss..L_MergedGlobals)
    HEAP                                     0x20000078   Section        0  startup_cms32m5xxx.o(HEAP)
    STACK                                    0x20000078   Section     2048  startup_cms32m5xxx.o(STACK)
    Heap_Mem                                 0x20000078   Data           0  startup_cms32m5xxx.o(HEAP)
    Stack_Mem                                0x20000078   Data        2048  startup_cms32m5xxx.o(STACK)
    __initial_sp                             0x20000878   Data           0  startup_cms32m5xxx.o(STACK)

    Global Symbols

    Symbol Name                              Value     Ov Type        Size  Object(Section)

    BuildAttributes$$THM_ISAv3M$S$PE$A:L22$X:L11$S22$IEEE1$IW$~IW$USESV6$~STKCKD$USESV7$~SHL$OSPACE$ROPI$EBA8$UX$STANDARDLIB$REQ8$PRES8$EABIv2 0x00000000   Number         0  anon$$obj.o ABSOLUTE
    __Vectors                                0x00000000   Data           4  startup_cms32m5xxx.o(RESET)
    __ARM_exceptions_init                     - Undefined Weak Reference
    __alloca_initialize                       - Undefined Weak Reference
    __arm_preinit_                            - Undefined Weak Reference
    __cpp_initialize__aeabi_                  - Undefined Weak Reference
    __cxa_finalize                            - Undefined Weak Reference
    __rt_locale                               - Undefined Weak Reference
    __sigvec_lookup                           - Undefined Weak Reference
    _atexit_init                              - Undefined Weak Reference
    _call_atexit_fns                          - Undefined Weak Reference
    _clock_init                               - Undefined Weak Reference
    _fp_trap_init                             - Undefined Weak Reference
    _fp_trap_shutdown                         - Undefined Weak Reference
    _get_lc_collate                           - Undefined Weak Reference
    _get_lc_ctype                             - Undefined Weak Reference
    _get_lc_monetary                          - Undefined Weak Reference
    _get_lc_numeric                           - Undefined Weak Reference
    _get_lc_time                              - Undefined Weak Reference
    _getenv_init                              - Undefined Weak Reference
    _handle_redirection                       - Undefined Weak Reference
    _init_alloc                               - Undefined Weak Reference
    _init_user_alloc                          - Undefined Weak Reference
    _initio                                   - Undefined Weak Reference
    _rand_init                                - Undefined Weak Reference
    _signal_finish                            - Undefined Weak Reference
    _signal_init                              - Undefined Weak Reference
    _terminate_alloc                          - Undefined Weak Reference
    _terminate_user_alloc                     - Undefined Weak Reference
    _terminateio                              - Undefined Weak Reference
    __main                                   0x000000c1   Thumb Code     8  __main.o(!!!main)
    __scatterload                            0x000000c9   Thumb Code     0  __scatter.o(!!!scatter)
    __scatterload_rt2                        0x000000c9   Thumb Code    52  __scatter.o(!!!scatter)
    __scatterload_rt2_thumb_only             0x000000c9   Thumb Code     0  __scatter.o(!!!scatter)
    __scatterload_null                       0x000000d9   Thumb Code     0  __scatter.o(!!!scatter)
    __scatterload_zeroinit                   0x00000105   Thumb Code    28  __scatter_zi.o(!!handler_zi)
    __rt_lib_init                            0x00000121   Thumb Code     0  libinit.o(.ARM.Collect$$libinit$$00000000)
    __rt_lib_init_alloca_1                   0x00000123   Thumb Code     0  libinit2.o(.ARM.Collect$$libinit$$0000002E)
    __rt_lib_init_argv_1                     0x00000123   Thumb Code     0  libinit2.o(.ARM.Collect$$libinit$$0000002C)
    __rt_lib_init_atexit_1                   0x00000123   Thumb Code     0  libinit2.o(.ARM.Collect$$libinit$$0000001B)
    __rt_lib_init_clock_1                    0x00000123   Thumb Code     0  libinit2.o(.ARM.Collect$$libinit$$00000021)
    __rt_lib_init_cpp_1                      0x00000123   Thumb Code     0  libinit2.o(.ARM.Collect$$libinit$$00000032)
    __rt_lib_init_exceptions_1               0x00000123   Thumb Code     0  libinit2.o(.ARM.Collect$$libinit$$00000030)
    __rt_lib_init_fp_1                       0x00000123   Thumb Code     0  libinit2.o(.ARM.Collect$$libinit$$00000002)
    __rt_lib_init_fp_trap_1                  0x00000123   Thumb Code     0  libinit2.o(.ARM.Collect$$libinit$$0000001F)
    __rt_lib_init_getenv_1                   0x00000123   Thumb Code     0  libinit2.o(.ARM.Collect$$libinit$$00000023)
    __rt_lib_init_heap_1                     0x00000123   Thumb Code     0  libinit2.o(.ARM.Collect$$libinit$$0000000A)
    __rt_lib_init_lc_collate_1               0x00000123   Thumb Code     0  libinit2.o(.ARM.Collect$$libinit$$00000011)
    __rt_lib_init_lc_ctype_1                 0x00000123   Thumb Code     0  libinit2.o(.ARM.Collect$$libinit$$00000013)
    __rt_lib_init_lc_monetary_1              0x00000123   Thumb Code     0  libinit2.o(.ARM.Collect$$libinit$$00000015)
    __rt_lib_init_lc_numeric_1               0x00000123   Thumb Code     0  libinit2.o(.ARM.Collect$$libinit$$00000017)
    __rt_lib_init_lc_time_1                  0x00000123   Thumb Code     0  libinit2.o(.ARM.Collect$$libinit$$00000019)
    __rt_lib_init_preinit_1                  0x00000123   Thumb Code     0  libinit2.o(.ARM.Collect$$libinit$$00000004)
    __rt_lib_init_rand_1                     0x00000123   Thumb Code     0  libinit2.o(.ARM.Collect$$libinit$$0000000E)
    __rt_lib_init_return                     0x00000123   Thumb Code     0  libinit2.o(.ARM.Collect$$libinit$$00000033)
    __rt_lib_init_signal_1                   0x00000123   Thumb Code     0  libinit2.o(.ARM.Collect$$libinit$$0000001D)
    __rt_lib_init_stdio_1                    0x00000123   Thumb Code     0  libinit2.o(.ARM.Collect$$libinit$$00000025)
    __rt_lib_init_user_alloc_1               0x00000123   Thumb Code     0  libinit2.o(.ARM.Collect$$libinit$$0000000C)
    __rt_lib_shutdown                        0x00000125   Thumb Code     0  libshutdown.o(.ARM.Collect$$libshutdown$$00000000)
    __rt_lib_shutdown_cpp_1                  0x00000127   Thumb Code     0  libshutdown2.o(.ARM.Collect$$libshutdown$$00000002)
    __rt_lib_shutdown_fp_trap_1              0x00000127   Thumb Code     0  libshutdown2.o(.ARM.Collect$$libshutdown$$00000007)
    __rt_lib_shutdown_heap_1                 0x00000127   Thumb Code     0  libshutdown2.o(.ARM.Collect$$libshutdown$$0000000F)
    __rt_lib_shutdown_return                 0x00000127   Thumb Code     0  libshutdown2.o(.ARM.Collect$$libshutdown$$00000010)
    __rt_lib_shutdown_signal_1               0x00000127   Thumb Code     0  libshutdown2.o(.ARM.Collect$$libshutdown$$0000000A)
    __rt_lib_shutdown_stdio_1                0x00000127   Thumb Code     0  libshutdown2.o(.ARM.Collect$$libshutdown$$00000004)
    __rt_lib_shutdown_user_alloc_1           0x00000127   Thumb Code     0  libshutdown2.o(.ARM.Collect$$libshutdown$$0000000C)
    __rt_entry                               0x00000129   Thumb Code     0  __rtentry.o(.ARM.Collect$$rtentry$$00000000)
    __rt_entry_presh_1                       0x00000129   Thumb Code     0  __rtentry2.o(.ARM.Collect$$rtentry$$00000002)
    __rt_entry_sh                            0x00000129   Thumb Code     0  __rtentry4.o(.ARM.Collect$$rtentry$$00000004)
    __rt_entry_li                            0x0000012f   Thumb Code     0  __rtentry2.o(.ARM.Collect$$rtentry$$0000000A)
    __rt_entry_postsh_1                      0x0000012f   Thumb Code     0  __rtentry2.o(.ARM.Collect$$rtentry$$00000009)
    __rt_entry_main                          0x00000133   Thumb Code     0  __rtentry2.o(.ARM.Collect$$rtentry$$0000000D)
    __rt_entry_postli_1                      0x00000133   Thumb Code     0  __rtentry2.o(.ARM.Collect$$rtentry$$0000000C)
    __rt_exit                                0x0000013b   Thumb Code     0  rtexit.o(.ARM.Collect$$rtexit$$00000000)
    __rt_exit_ls                             0x0000013d   Thumb Code     0  rtexit2.o(.ARM.Collect$$rtexit$$00000003)
    __rt_exit_prels_1                        0x0000013d   Thumb Code     0  rtexit2.o(.ARM.Collect$$rtexit$$00000002)
    __rt_exit_exit                           0x00000141   Thumb Code     0  rtexit2.o(.ARM.Collect$$rtexit$$00000004)
    Reset_Handler                            0x00000149   Thumb Code     8  startup_cms32m5xxx.o(.text)
    ADC1_IRQHandler                          0x0000015b   Thumb Code     0  startup_cms32m5xxx.o(.text)
    LVD_IRQHandler                           0x0000015b   Thumb Code     0  startup_cms32m5xxx.o(.text)
    SPI_IRQHandler                           0x0000015b   Thumb Code     0  startup_cms32m5xxx.o(.text)
    TMR0_IRQHandler                          0x0000015b   Thumb Code     0  startup_cms32m5xxx.o(.text)
    TMR1_IRQHandler                          0x0000015b   Thumb Code     0  startup_cms32m5xxx.o(.text)
    __user_initial_stackheap                 0x0000015d   Thumb Code     0  startup_cms32m5xxx.o(.text)
    __use_two_region_memory                  0x0000017d   Thumb Code     2  heapauxi.o(.text)
    __rt_heap_escrow$2region                 0x0000017f   Thumb Code     2  heapauxi.o(.text)
    __rt_heap_expand$2region                 0x00000181   Thumb Code     2  heapauxi.o(.text)
    __user_setup_stackheap                   0x00000183   Thumb Code    62  sys_stackheap_outer.o(.text)
    exit                                     0x000001c1   Thumb Code    16  exit.o(.text)
    __user_libspace                          0x000001d1   Thumb Code     8  libspace.o(.text)
    __user_perproc_libspace                  0x000001d1   Thumb Code     0  libspace.o(.text)
    __user_perthread_libspace                0x000001d1   Thumb Code     0  libspace.o(.text)
    _sys_exit                                0x000001d9   Thumb Code     8  sys_exit.o(.text)
    __I$use$semihosting                      0x000001e5   Thumb Code     0  use_no_semi.o(.text)
    __use_no_semihosting_swi                 0x000001e5   Thumb Code     2  use_no_semi.o(.text)
    __semihosting_library_function           0x000001e7   Thumb Code     0  indicate_semi.o(.text)
    ACMP_IRQHandler                          0x000001e9   Thumb Code    16  main.o(.text.ACMP_IRQHandler)
    ADC0_IRQHandler                          0x000001f9   Thumb Code    16  main.o(.text.ADC0_IRQHandler)
    BSP_Delay_Ms                             0x00000209   Thumb Code    44  mcu_config.o(.text.BSP_Delay_Ms)
    BSP_GPIOConfig                           0x00000235   Thumb Code   132  mcu_config.o(.text.BSP_GPIOConfig)
    BSP_MCU_Config                           0x000002b9   Thumb Code    88  mcu_config.o(.text.BSP_MCU_Config)
    BSP_UART1Config                          0x0000030d   Thumb Code    64  mcu_config.o(.text.BSP_UART1Config)
    CCP_IRQHandler                           0x0000034d   Thumb Code    16  main.o(.text.CCP_IRQHandler)
    EPWM_IRQHandler                          0x0000035d   Thumb Code    16  main.o(.text.EPWM_IRQHandler)
    FMC_Read_Array                           0x0000036d   Thumb Code    92  user_fmc.o(.text.FMC_Read_Array)
    FMC_Write_Array                          0x000003c5   Thumb Code   132  user_fmc.o(.text.FMC_Write_Array)
    GPIO0_IRQHandler                         0x00000449   Thumb Code    12  main.o(.text.GPIO0_IRQHandler)
    GPIO1_IRQHandler                         0x00000455   Thumb Code    16  main.o(.text.GPIO1_IRQHandler)
    GPIO2_IRQHandler                         0x00000465   Thumb Code    16  main.o(.text.GPIO2_IRQHandler)
    GPIO3_IRQHandler                         0x00000475   Thumb Code    16  main.o(.text.GPIO3_IRQHandler)
    GPIO4_IRQHandler                         0x00000485   Thumb Code    16  main.o(.text.GPIO4_IRQHandler)
    HardFault_Handler                        0x00000495   Thumb Code    16  main.o(.text.HardFault_Handler)
    I2C_IRQHandler                           0x000004a5   Thumb Code    12  main.o(.text.I2C_IRQHandler)
    NMI_Handler                              0x000004b1   Thumb Code    16  main.o(.text.NMI_Handler)
    PendSV_Handler                           0x000004c1   Thumb Code    16  main.o(.text.PendSV_Handler)
    SVC_Handler                              0x000004d1   Thumb Code    16  main.o(.text.SVC_Handler)
    SysTick_Handler                          0x000004e1   Thumb Code    16  main.o(.text.SysTick_Handler)
    SystemInit                               0x000004f1   Thumb Code     2  system_cms32m5xxx.o(.text.SystemInit)
    UART0_IRQHandler                         0x000004f5   Thumb Code    16  main.o(.text.UART0_IRQHandler)
    UART1_IRQHandler                         0x00000505   Thumb Code    12  main.o(.text.UART1_IRQHandler)
    WDT_IRQHandler                           0x00000511   Thumb Code    16  main.o(.text.WDT_IRQHandler)
    WWDT_IRQHandler                          0x00000521   Thumb Code    16  main.o(.text.WWDT_IRQHandler)
    main                                     0x00000531   Thumb Code   188  main.o(.text.main)
    Region$$Table$$Base                      0x000005ec   Number         0  anon$$obj.o(Region$$Table)
    Region$$Table$$Limit                     0x000005fc   Number         0  anon$$obj.o(Region$$Table)
    Module_ID                                0x00000df0   Data           8  main.o(.ARM.__at_0x0DF0)
    Revision                                 0x00000df8   Data           1  main.o(.ARM.__at_0x0DF8)
    BL_HW_Mode                               0x00000dfc   Data           1  main.o(.ARM.__at_0x0DFC)
    __libspace_start                         0x20000000   Data          96  libspace.o(.bss)
    __temporary_stack_top$libspace           0x20000060   Data           0  libspace.o(.bss)
    i                                        0x20000060   Data           1  main.o(.bss..L_MergedGlobals)
    STACK_FILL_VALUE                         0x20000061   Data           1  main.o(.bss..L_MergedGlobals)
    p_ram_stack                              0x20000064   Data           4  main.o(.bss..L_MergedGlobals)
    p_stack_pointer                          0x20000068   Data           4  main.o(.bss..L_MergedGlobals)
    wrong_address                            0x2000006c   Data           4  main.o(.bss..L_MergedGlobals)
    communication_mode                       0x20000070   Data           1  mcu_config.o(.bss.communication_mode)



==============================================================================

Memory Map of the image

  Image Entry point : 0x000000c1

  Load Region LR_IROM1 (Base: 0x00000000, Size: 0x000005fc, Max: 0x00000df0, ABSOLUTE)

    Execution Region ER_IROM1 (Exec base: 0x00000000, Load base: 0x00000000, Size: 0x000005fc, Max: 0x00000df0, ABSOLUTE)

    Exec Addr    Load Addr    Size         Type   Attr      Idx    E Section Name        Object

    0x00000000   0x00000000   0x000000c0   Data   RO          156    RESET               startup_cms32m5xxx.o
    0x000000c0   0x000000c0   0x00000008   Code   RO          188  * !!!main             c_p.l(__main.o)
    0x000000c8   0x000000c8   0x0000003c   Code   RO          363    !!!scatter          c_p.l(__scatter.o)
    0x00000104   0x00000104   0x0000001c   Code   RO          365    !!handler_zi        c_p.l(__scatter_zi.o)
    0x00000120   0x00000120   0x00000002   Code   RO          226    .ARM.Collect$$libinit$$00000000  c_p.l(libinit.o)
    0x00000122   0x00000122   0x00000000   Code   RO          240    .ARM.Collect$$libinit$$00000002  c_p.l(libinit2.o)
    0x00000122   0x00000122   0x00000000   Code   RO          242    .ARM.Collect$$libinit$$00000004  c_p.l(libinit2.o)
    0x00000122   0x00000122   0x00000000   Code   RO          245    .ARM.Collect$$libinit$$0000000A  c_p.l(libinit2.o)
    0x00000122   0x00000122   0x00000000   Code   RO          247    .ARM.Collect$$libinit$$0000000C  c_p.l(libinit2.o)
    0x00000122   0x00000122   0x00000000   Code   RO          249    .ARM.Collect$$libinit$$0000000E  c_p.l(libinit2.o)
    0x00000122   0x00000122   0x00000000   Code   RO          252    .ARM.Collect$$libinit$$00000011  c_p.l(libinit2.o)
    0x00000122   0x00000122   0x00000000   Code   RO          254    .ARM.Collect$$libinit$$00000013  c_p.l(libinit2.o)
    0x00000122   0x00000122   0x00000000   Code   RO          256    .ARM.Collect$$libinit$$00000015  c_p.l(libinit2.o)
    0x00000122   0x00000122   0x00000000   Code   RO          258    .ARM.Collect$$libinit$$00000017  c_p.l(libinit2.o)
    0x00000122   0x00000122   0x00000000   Code   RO          260    .ARM.Collect$$libinit$$00000019  c_p.l(libinit2.o)
    0x00000122   0x00000122   0x00000000   Code   RO          262    .ARM.Collect$$libinit$$0000001B  c_p.l(libinit2.o)
    0x00000122   0x00000122   0x00000000   Code   RO          264    .ARM.Collect$$libinit$$0000001D  c_p.l(libinit2.o)
    0x00000122   0x00000122   0x00000000   Code   RO          266    .ARM.Collect$$libinit$$0000001F  c_p.l(libinit2.o)
    0x00000122   0x00000122   0x00000000   Code   RO          268    .ARM.Collect$$libinit$$00000021  c_p.l(libinit2.o)
    0x00000122   0x00000122   0x00000000   Code   RO          270    .ARM.Collect$$libinit$$00000023  c_p.l(libinit2.o)
    0x00000122   0x00000122   0x00000000   Code   RO          272    .ARM.Collect$$libinit$$00000025  c_p.l(libinit2.o)
    0x00000122   0x00000122   0x00000000   Code   RO          276    .ARM.Collect$$libinit$$0000002C  c_p.l(libinit2.o)
    0x00000122   0x00000122   0x00000000   Code   RO          278    .ARM.Collect$$libinit$$0000002E  c_p.l(libinit2.o)
    0x00000122   0x00000122   0x00000000   Code   RO          280    .ARM.Collect$$libinit$$00000030  c_p.l(libinit2.o)
    0x00000122   0x00000122   0x00000000   Code   RO          282    .ARM.Collect$$libinit$$00000032  c_p.l(libinit2.o)
    0x00000122   0x00000122   0x00000002   Code   RO          283    .ARM.Collect$$libinit$$00000033  c_p.l(libinit2.o)
    0x00000124   0x00000124   0x00000002   Code   RO          318    .ARM.Collect$$libshutdown$$00000000  c_p.l(libshutdown.o)
    0x00000126   0x00000126   0x00000000   Code   RO          346    .ARM.Collect$$libshutdown$$00000002  c_p.l(libshutdown2.o)
    0x00000126   0x00000126   0x00000000   Code   RO          348    .ARM.Collect$$libshutdown$$00000004  c_p.l(libshutdown2.o)
    0x00000126   0x00000126   0x00000000   Code   RO          351    .ARM.Collect$$libshutdown$$00000007  c_p.l(libshutdown2.o)
    0x00000126   0x00000126   0x00000000   Code   RO          354    .ARM.Collect$$libshutdown$$0000000A  c_p.l(libshutdown2.o)
    0x00000126   0x00000126   0x00000000   Code   RO          356    .ARM.Collect$$libshutdown$$0000000C  c_p.l(libshutdown2.o)
    0x00000126   0x00000126   0x00000000   Code   RO          359    .ARM.Collect$$libshutdown$$0000000F  c_p.l(libshutdown2.o)
    0x00000126   0x00000126   0x00000002   Code   RO          360    .ARM.Collect$$libshutdown$$00000010  c_p.l(libshutdown2.o)
    0x00000128   0x00000128   0x00000000   Code   RO          190    .ARM.Collect$$rtentry$$00000000  c_p.l(__rtentry.o)
    0x00000128   0x00000128   0x00000000   Code   RO          196    .ARM.Collect$$rtentry$$00000002  c_p.l(__rtentry2.o)
    0x00000128   0x00000128   0x00000006   Code   RO          208    .ARM.Collect$$rtentry$$00000004  c_p.l(__rtentry4.o)
    0x0000012e   0x0000012e   0x00000000   Code   RO          198    .ARM.Collect$$rtentry$$00000009  c_p.l(__rtentry2.o)
    0x0000012e   0x0000012e   0x00000004   Code   RO          199    .ARM.Collect$$rtentry$$0000000A  c_p.l(__rtentry2.o)
    0x00000132   0x00000132   0x00000000   Code   RO          201    .ARM.Collect$$rtentry$$0000000C  c_p.l(__rtentry2.o)
    0x00000132   0x00000132   0x00000008   Code   RO          202    .ARM.Collect$$rtentry$$0000000D  c_p.l(__rtentry2.o)
    0x0000013a   0x0000013a   0x00000002   Code   RO          231    .ARM.Collect$$rtexit$$00000000  c_p.l(rtexit.o)
    0x0000013c   0x0000013c   0x00000000   Code   RO          289    .ARM.Collect$$rtexit$$00000002  c_p.l(rtexit2.o)
    0x0000013c   0x0000013c   0x00000004   Code   RO          290    .ARM.Collect$$rtexit$$00000003  c_p.l(rtexit2.o)
    0x00000140   0x00000140   0x00000006   Code   RO          291    .ARM.Collect$$rtexit$$00000004  c_p.l(rtexit2.o)
    0x00000146   0x00000146   0x00000002   PAD
    0x00000148   0x00000148   0x00000034   Code   RO          157    .text               startup_cms32m5xxx.o
    0x0000017c   0x0000017c   0x00000006   Code   RO          186    .text               c_p.l(heapauxi.o)
    0x00000182   0x00000182   0x0000003e   Code   RO          212    .text               c_p.l(sys_stackheap_outer.o)
    0x000001c0   0x000001c0   0x00000010   Code   RO          215    .text               c_p.l(exit.o)
    0x000001d0   0x000001d0   0x00000008   Code   RO          227    .text               c_p.l(libspace.o)
    0x000001d8   0x000001d8   0x0000000c   Code   RO          284    .text               c_p.l(sys_exit.o)
    0x000001e4   0x000001e4   0x00000002   Code   RO          307    .text               c_p.l(use_no_semi.o)
    0x000001e6   0x000001e6   0x00000000   Code   RO          309    .text               c_p.l(indicate_semi.o)
    0x000001e6   0x000001e6   0x00000002   PAD
    0x000001e8   0x000001e8   0x00000010   Code   RO           36    .text.ACMP_IRQHandler  main.o
    0x000001f8   0x000001f8   0x00000010   Code   RO           28    .text.ADC0_IRQHandler  main.o
    0x00000208   0x00000208   0x0000002c   Code   RO           92    .text.BSP_Delay_Ms  mcu_config.o
    0x00000234   0x00000234   0x00000084   Code   RO           80    .text.BSP_GPIOConfig  mcu_config.o
    0x000002b8   0x000002b8   0x00000054   Code   RO           78    .text.BSP_MCU_Config  mcu_config.o
    0x0000030c   0x0000030c   0x00000040   Code   RO           82    .text.BSP_UART1Config  mcu_config.o
    0x0000034c   0x0000034c   0x00000010   Code   RO           26    .text.CCP_IRQHandler  main.o
    0x0000035c   0x0000035c   0x00000010   Code   RO           32    .text.EPWM_IRQHandler  main.o
    0x0000036c   0x0000036c   0x00000058   Code   RO          138    .text.FMC_Read_Array  user_fmc.o
    0x000003c4   0x000003c4   0x00000084   Code   RO          140    .text.FMC_Write_Array  user_fmc.o
    0x00000448   0x00000448   0x0000000c   Code   RO           14    .text.GPIO0_IRQHandler  main.o
    0x00000454   0x00000454   0x00000010   Code   RO           16    .text.GPIO1_IRQHandler  main.o
    0x00000464   0x00000464   0x00000010   Code   RO           18    .text.GPIO2_IRQHandler  main.o
    0x00000474   0x00000474   0x00000010   Code   RO           20    .text.GPIO3_IRQHandler  main.o
    0x00000484   0x00000484   0x00000010   Code   RO           22    .text.GPIO4_IRQHandler  main.o
    0x00000494   0x00000494   0x00000010   Code   RO            6    .text.HardFault_Handler  main.o
    0x000004a4   0x000004a4   0x0000000c   Code   RO           52    .text.I2C_IRQHandler  main.o
    0x000004b0   0x000004b0   0x00000010   Code   RO            4    .text.NMI_Handler   main.o
    0x000004c0   0x000004c0   0x00000010   Code   RO           10    .text.PendSV_Handler  main.o
    0x000004d0   0x000004d0   0x00000010   Code   RO            8    .text.SVC_Handler   main.o
    0x000004e0   0x000004e0   0x00000010   Code   RO           12    .text.SysTick_Handler  main.o
    0x000004f0   0x000004f0   0x00000002   Code   RO          164    .text.SystemInit    system_cms32m5xxx.o
    0x000004f2   0x000004f2   0x00000002   PAD
    0x000004f4   0x000004f4   0x00000010   Code   RO           38    .text.UART0_IRQHandler  main.o
    0x00000504   0x00000504   0x0000000c   Code   RO           40    .text.UART1_IRQHandler  main.o
    0x00000510   0x00000510   0x00000010   Code   RO           50    .text.WDT_IRQHandler  main.o
    0x00000520   0x00000520   0x00000010   Code   RO           30    .text.WWDT_IRQHandler  main.o
    0x00000530   0x00000530   0x000000bc   Code   RO            2    .text.main          main.o
    0x000005ec   0x000005ec   0x00000010   Data   RO          361    Region$$Table       anon$$obj.o


    Execution Region RW_IRAM1 (Exec base: 0x20000000, Load base: 0x000005fc, Size: 0x00000878, Max: 0x00002000, ABSOLUTE)

    Exec Addr    Load Addr    Size         Type   Attr      Idx    E Section Name        Object

    0x20000000        -       0x00000060   Zero   RW          228    .bss                c_p.l(libspace.o)
    0x20000060        -       0x00000010   Zero   RW           66    .bss..L_MergedGlobals  main.o
    0x20000070        -       0x00000001   Zero   RW           94    .bss.communication_mode  mcu_config.o
    0x20000071   0x000005fc   0x00000007   PAD
    0x20000078        -       0x00000000   Zero   RW          155    HEAP                startup_cms32m5xxx.o
    0x20000078        -       0x00000800   Zero   RW          154    STACK               startup_cms32m5xxx.o



  Load Region LR$$.ARM.__at_0x0DF0 (Base: 0x00000df0, Size: 0x00000008, Max: 0x00000008, ABSOLUTE)

    Execution Region ER$$.ARM.__at_0x0DF0 (Exec base: 0x00000df0, Load base: 0x00000df0, Size: 0x00000008, Max: 0x00000008, ABSOLUTE, UNINIT)

    Exec Addr    Load Addr    Size         Type   Attr      Idx    E Section Name        Object

    0x00000df0   0x00000df0   0x00000008   Data   RO           58    .ARM.__at_0x0DF0    main.o



  Load Region LR$$.ARM.__at_0x0DF8 (Base: 0x00000df8, Size: 0x00000004, Max: 0x00000004, ABSOLUTE)

    Execution Region ER$$.ARM.__at_0x0DF8 (Exec base: 0x00000df8, Load base: 0x00000df8, Size: 0x00000004, Max: 0x00000004, ABSOLUTE, UNINIT)

    Exec Addr    Load Addr    Size         Type   Attr      Idx    E Section Name        Object

    0x00000df8   0x00000df8   0x00000001   Data   RO           59    .ARM.__at_0x0DF8    main.o



  Load Region LR$$.ARM.__at_0x0DFC (Base: 0x00000dfc, Size: 0x00000004, Max: 0x00000004, ABSOLUTE)

    Execution Region ER$$.ARM.__at_0x0DFC (Exec base: 0x00000dfc, Load base: 0x00000dfc, Size: 0x00000004, Max: 0x00000004, ABSOLUTE, UNINIT)

    Exec Addr    Load Addr    Size         Type   Attr      Idx    E Section Name        Object

    0x00000dfc   0x00000dfc   0x00000001   Data   RO           60    .ARM.__at_0x0DFC    main.o


==============================================================================

Image component sizes


      Code (inc. data)   RO Data    RW Data    ZI Data      Debug   Object Name

       480         84         10          0         16       6419   main.o
       324         48          0          0          1       6431   mcu_config.o
        52         22        192          0       2048        608   startup_cms32m5xxx.o
         2          0          0          0          0       2940   system_cms32m5xxx.o
       220          4          0          0          0       2912   user_fmc.o

    ----------------------------------------------------------------------
      1080        158        224          0       2072      19310   Object Totals
         0          0         16          0          0          0   (incl. Generated)
         2          0          6          0          7          0   (incl. Padding)

    ----------------------------------------------------------------------

      Code (inc. data)   RO Data    RW Data    ZI Data      Debug   Library Member Name

         8          0          0          0          0         68   __main.o
         0          0          0          0          0          0   __rtentry.o
        12          0          0          0          0          0   __rtentry2.o
         6          0          0          0          0          0   __rtentry4.o
        60          8          0          0          0          0   __scatter.o
        28          0          0          0          0          0   __scatter_zi.o
        16          0          0          0          0         68   exit.o
         6          0          0          0          0        136   heapauxi.o
         0          0          0          0          0          0   indicate_semi.o
         2          0          0          0          0          0   libinit.o
         2          0          0          0          0          0   libinit2.o
         2          0          0          0          0          0   libshutdown.o
         2          0          0          0          0          0   libshutdown2.o
         8          4          0          0         96         68   libspace.o
         2          0          0          0          0          0   rtexit.o
        10          0          0          0          0          0   rtexit2.o
        12          4          0          0          0         60   sys_exit.o
        62          0          0          0          0         80   sys_stackheap_outer.o
         2          0          0          0          0         68   use_no_semi.o

    ----------------------------------------------------------------------
       244         16          0          0         96        548   Library Totals
         4          0          0          0          0          0   (incl. Padding)

    ----------------------------------------------------------------------

      Code (inc. data)   RO Data    RW Data    ZI Data      Debug   Library Name

       240         16          0          0         96        548   c_p.l

    ----------------------------------------------------------------------
       244         16          0          0         96        548   Library Totals

    ----------------------------------------------------------------------

==============================================================================


      Code (inc. data)   RO Data    RW Data    ZI Data      Debug   

      1324        174        224          0       2168      19650   Grand Totals
      1324        174        224          0       2168      19650   ELF Image Totals
      1324        174        224          0          0          0   ROM Totals

==============================================================================

    Total RO  Size (Code + RO Data)                 1548 (   1.51kB)
    Total RW  Size (RW Data + ZI Data)              2168 (   2.12kB)
    Total ROM Size (Code + RO Data + RW Data)       1548 (   1.51kB)

==============================================================================

